<!doctype html public "-//w3c//dtd html 4.0 transitional//en">
<html><head>
<title>Static Call Graph - [.\BUILD\Nucleo_out.axf]</title></head>
<body><HR>
<H1>Static Call Graph for image .\BUILD\Nucleo_out.axf</H1><HR>
<BR><P>#&#060CALLGRAPH&#062# ARM Linker, 5060750: Last Updated: Mon Jun 13 09:18:39 2022
<BR><P>
<H3>Maximum Stack Usage =       1000 bytes + Unknown(Cycles, Untraceable Function Pointers)</H3><H3>
Call chain for Maximum Stack Depth:</H3>
__sti___8_main_cpp_greenLed &rArr; Adafruit_SSD1306::Adafruit_SSD1306__sub_object(PinName, unsigned char, unsigned char) &rArr; Adafruit_GFX::Adafruit_GFX__sub_object(short, short) &rArr; mbed::Stream::Stream__sub_object(const char*) &rArr; mbed::fdopen(mbed::FileHandle*, const char*) &rArr; fopen &rArr; freopen &rArr; _sys_open &rArr; open &rArr; mbed::FilePath::FilePath(const char*) &rArr; mbed::FileBase::lookup(const char*, unsigned) &rArr; SingletonPtr&lang;PlatformMutex&rang;::operator -&rang;() &rArr; mbed_assert_internal &rArr; mbed_die &rArr; gpio_init_out &rArr; gpio_init &rArr; pin_function &rArr;  mbed_assert_internal (Cycle)
<P>
<H3>
Mutually Recursive functions
</H3> <LI><a href="#[1e]">NMI_Handler</a>&nbsp;&nbsp;&nbsp;&rArr;&nbsp;&nbsp;&nbsp;<a href="#[1e]">NMI_Handler</a><BR>
 <LI><a href="#[1f]">HardFault_Handler</a>&nbsp;&nbsp;&nbsp;&rArr;&nbsp;&nbsp;&nbsp;<a href="#[1f]">HardFault_Handler</a><BR>
 <LI><a href="#[20]">MemManage_Handler</a>&nbsp;&nbsp;&nbsp;&rArr;&nbsp;&nbsp;&nbsp;<a href="#[20]">MemManage_Handler</a><BR>
 <LI><a href="#[21]">BusFault_Handler</a>&nbsp;&nbsp;&nbsp;&rArr;&nbsp;&nbsp;&nbsp;<a href="#[21]">BusFault_Handler</a><BR>
 <LI><a href="#[22]">UsageFault_Handler</a>&nbsp;&nbsp;&nbsp;&rArr;&nbsp;&nbsp;&nbsp;<a href="#[22]">UsageFault_Handler</a><BR>
 <LI><a href="#[23]">SVC_Handler</a>&nbsp;&nbsp;&nbsp;&rArr;&nbsp;&nbsp;&nbsp;<a href="#[23]">SVC_Handler</a><BR>
 <LI><a href="#[24]">DebugMon_Handler</a>&nbsp;&nbsp;&nbsp;&rArr;&nbsp;&nbsp;&nbsp;<a href="#[24]">DebugMon_Handler</a><BR>
 <LI><a href="#[25]">PendSV_Handler</a>&nbsp;&nbsp;&nbsp;&rArr;&nbsp;&nbsp;&nbsp;<a href="#[25]">PendSV_Handler</a><BR>
 <LI><a href="#[26]">SysTick_Handler</a>&nbsp;&nbsp;&nbsp;&rArr;&nbsp;&nbsp;&nbsp;<a href="#[26]">SysTick_Handler</a><BR>
 <LI><a href="#[39]">ADC_IRQHandler</a>&nbsp;&nbsp;&nbsp;&rArr;&nbsp;&nbsp;&nbsp;<a href="#[39]">ADC_IRQHandler</a><BR>
 <LI><a href="#[201]">wait_ms</a>&nbsp;&nbsp;&nbsp;&rArr;&nbsp;&nbsp;&nbsp;<a href="#[2b8]">ticker_read</a><BR>
 <LI><a href="#[112]">exit</a>&nbsp;&nbsp;&nbsp;&rArr;&nbsp;&nbsp;&nbsp;<a href="#[29e]">mbed_die</a><BR>
 <LI><a href="#[1f3]">__cxa_guard_release</a>&nbsp;&nbsp;&nbsp;&rArr;&nbsp;&nbsp;&nbsp;<a href="#[1df]">mbed_assert_internal</a><BR>
 <LI><a href="#[1ef]">__cxa_guard_acquire</a>&nbsp;&nbsp;&nbsp;&rArr;&nbsp;&nbsp;&nbsp;<a href="#[1df]">mbed_assert_internal</a><BR>
 <LI><a href="#[24a]">mbed_error</a>&nbsp;&nbsp;&nbsp;&rArr;&nbsp;&nbsp;&nbsp;<a href="#[112]">exit</a><BR>
 <LI><a href="#[2ad]">mbed_error_printf</a>&nbsp;&nbsp;&nbsp;&rArr;&nbsp;&nbsp;&nbsp;<a href="#[1f0]">serial_init</a><BR>
 <LI><a href="#[229]">core_util_critical_section_enter</a>&nbsp;&nbsp;&nbsp;&rArr;&nbsp;&nbsp;&nbsp;<a href="#[1df]">mbed_assert_internal</a><BR>
 <LI><a href="#[29b]">handle_error</a>&nbsp;&nbsp;&nbsp;&rArr;&nbsp;&nbsp;&nbsp;<a href="#[22c]">core_util_critical_section_exit</a><BR>
 <LI><a href="#[2a3]">pin_mode</a>&nbsp;&nbsp;&nbsp;&rArr;&nbsp;&nbsp;&nbsp;<a href="#[1c9]">Set_GPIO_Clock</a><BR>
 <LI><a href="#[295]">pinmap_pinout</a>&nbsp;&nbsp;&nbsp;&rArr;&nbsp;&nbsp;&nbsp;<a href="#[2a1]">pin_function</a><BR>
 <LI><a href="#[1f0]">serial_init</a>&nbsp;&nbsp;&nbsp;&rArr;&nbsp;&nbsp;&nbsp;<a href="#[1df]">mbed_assert_internal</a><BR>
 <LI><a href="#[29d]">mbed_error_vfprintf</a>&nbsp;&nbsp;&nbsp;&rArr;&nbsp;&nbsp;&nbsp;<a href="#[22c]">core_util_critical_section_exit</a><BR>
 <LI><a href="#[2a1]">pin_function</a>&nbsp;&nbsp;&nbsp;&rArr;&nbsp;&nbsp;&nbsp;<a href="#[1df]">mbed_assert_internal</a><BR>
 <LI><a href="#[297]">core_util_atomic_incr_u16</a>&nbsp;&nbsp;&nbsp;&rArr;&nbsp;&nbsp;&nbsp;<a href="#[297]">core_util_atomic_incr_u16</a><BR>
 <LI><a href="#[296]">core_util_atomic_decr_u16</a>&nbsp;&nbsp;&nbsp;&rArr;&nbsp;&nbsp;&nbsp;<a href="#[296]">core_util_atomic_decr_u16</a><BR>
 <LI><a href="#[2c2]">std::basic_string&lang;char, std::char_traits&lang;char&rang;, std::allocator&lang;char&rang;&rang;::_C_getRep(unsigned, unsigned)</a>&nbsp;&nbsp;&nbsp;&rArr;&nbsp;&nbsp;&nbsp;<a href="#[213]">__rw::__rw_throw(int, ...)</a><BR>
 <LI><a href="#[216]">__rw::__rw_allocate(unsigned, int)</a>&nbsp;&nbsp;&nbsp;&rArr;&nbsp;&nbsp;&nbsp;<a href="#[213]">__rw::__rw_throw(int, ...)</a><BR>
 <LI><a href="#[212]">std::locale::locale()</a>&nbsp;&nbsp;&nbsp;&rArr;&nbsp;&nbsp;&nbsp;<a href="#[27d]">std::locale::_C_init()</a><BR>
</UL>
<P>
<H3>
Function Pointers
</H3><UL>
 <LI><a href="#[75]">&lang;Func3&rang;</a> from mbed/TARGET_NUCLEO_F401RE/TOOLCHAIN_ARM_STD/mbed.ar(SerialBase.o)(i.<Func3>) referenced from mbed/TARGET_NUCLEO_F401RE/TOOLCHAIN_ARM_STD/mbed.ar(SerialBase.o)(i._ZN4mbed10SerialBaseC1E7PinNameS1_i)
 <LI><a href="#[73]">&lang;Func5&rang;</a> from C:\Keil_v5\ARM\ARMCC\Bin\..\lib\cpplib\cpp_ws.l(locale.o)(i.<Func5>) referenced from C:\Keil_v5\ARM\ARMCC\Bin\..\lib\cpplib\cpp_ws.l(locale.o)(i._ZN4__rw15__rw_locale_impC1EPKcjj)
 <LI><a href="#[39]">ADC_IRQHandler</a> from mbed/TARGET_NUCLEO_F401RE/TOOLCHAIN_ARM_STD/startup_stm32f401xe.o(.text) referenced from mbed/TARGET_NUCLEO_F401RE/TOOLCHAIN_ARM_STD/startup_stm32f401xe.o(RESET)
 <LI><a href="#[21]">BusFault_Handler</a> from mbed/TARGET_NUCLEO_F401RE/TOOLCHAIN_ARM_STD/startup_stm32f401xe.o(.text) referenced from mbed/TARGET_NUCLEO_F401RE/TOOLCHAIN_ARM_STD/startup_stm32f401xe.o(RESET)
 <LI><a href="#[32]">DMA1_Stream0_IRQHandler</a> from mbed/TARGET_NUCLEO_F401RE/TOOLCHAIN_ARM_STD/startup_stm32f401xe.o(.text) referenced from mbed/TARGET_NUCLEO_F401RE/TOOLCHAIN_ARM_STD/startup_stm32f401xe.o(RESET)
 <LI><a href="#[33]">DMA1_Stream1_IRQHandler</a> from mbed/TARGET_NUCLEO_F401RE/TOOLCHAIN_ARM_STD/startup_stm32f401xe.o(.text) referenced from mbed/TARGET_NUCLEO_F401RE/TOOLCHAIN_ARM_STD/startup_stm32f401xe.o(RESET)
 <LI><a href="#[34]">DMA1_Stream2_IRQHandler</a> from mbed/TARGET_NUCLEO_F401RE/TOOLCHAIN_ARM_STD/startup_stm32f401xe.o(.text) referenced from mbed/TARGET_NUCLEO_F401RE/TOOLCHAIN_ARM_STD/startup_stm32f401xe.o(RESET)
 <LI><a href="#[35]">DMA1_Stream3_IRQHandler</a> from mbed/TARGET_NUCLEO_F401RE/TOOLCHAIN_ARM_STD/startup_stm32f401xe.o(.text) referenced from mbed/TARGET_NUCLEO_F401RE/TOOLCHAIN_ARM_STD/startup_stm32f401xe.o(RESET)
 <LI><a href="#[36]">DMA1_Stream4_IRQHandler</a> from mbed/TARGET_NUCLEO_F401RE/TOOLCHAIN_ARM_STD/startup_stm32f401xe.o(.text) referenced from mbed/TARGET_NUCLEO_F401RE/TOOLCHAIN_ARM_STD/startup_stm32f401xe.o(RESET)
 <LI><a href="#[37]">DMA1_Stream5_IRQHandler</a> from mbed/TARGET_NUCLEO_F401RE/TOOLCHAIN_ARM_STD/startup_stm32f401xe.o(.text) referenced from mbed/TARGET_NUCLEO_F401RE/TOOLCHAIN_ARM_STD/startup_stm32f401xe.o(RESET)
 <LI><a href="#[38]">DMA1_Stream6_IRQHandler</a> from mbed/TARGET_NUCLEO_F401RE/TOOLCHAIN_ARM_STD/startup_stm32f401xe.o(.text) referenced from mbed/TARGET_NUCLEO_F401RE/TOOLCHAIN_ARM_STD/startup_stm32f401xe.o(RESET)
 <LI><a href="#[4d]">DMA1_Stream7_IRQHandler</a> from mbed/TARGET_NUCLEO_F401RE/TOOLCHAIN_ARM_STD/startup_stm32f401xe.o(.text) referenced from mbed/TARGET_NUCLEO_F401RE/TOOLCHAIN_ARM_STD/startup_stm32f401xe.o(RESET)
 <LI><a href="#[51]">DMA2_Stream0_IRQHandler</a> from mbed/TARGET_NUCLEO_F401RE/TOOLCHAIN_ARM_STD/startup_stm32f401xe.o(.text) referenced from mbed/TARGET_NUCLEO_F401RE/TOOLCHAIN_ARM_STD/startup_stm32f401xe.o(RESET)
 <LI><a href="#[52]">DMA2_Stream1_IRQHandler</a> from mbed/TARGET_NUCLEO_F401RE/TOOLCHAIN_ARM_STD/startup_stm32f401xe.o(.text) referenced from mbed/TARGET_NUCLEO_F401RE/TOOLCHAIN_ARM_STD/startup_stm32f401xe.o(RESET)
 <LI><a href="#[53]">DMA2_Stream2_IRQHandler</a> from mbed/TARGET_NUCLEO_F401RE/TOOLCHAIN_ARM_STD/startup_stm32f401xe.o(.text) referenced from mbed/TARGET_NUCLEO_F401RE/TOOLCHAIN_ARM_STD/startup_stm32f401xe.o(RESET)
 <LI><a href="#[54]">DMA2_Stream3_IRQHandler</a> from mbed/TARGET_NUCLEO_F401RE/TOOLCHAIN_ARM_STD/startup_stm32f401xe.o(.text) referenced from mbed/TARGET_NUCLEO_F401RE/TOOLCHAIN_ARM_STD/startup_stm32f401xe.o(RESET)
 <LI><a href="#[55]">DMA2_Stream4_IRQHandler</a> from mbed/TARGET_NUCLEO_F401RE/TOOLCHAIN_ARM_STD/startup_stm32f401xe.o(.text) referenced from mbed/TARGET_NUCLEO_F401RE/TOOLCHAIN_ARM_STD/startup_stm32f401xe.o(RESET)
 <LI><a href="#[57]">DMA2_Stream5_IRQHandler</a> from mbed/TARGET_NUCLEO_F401RE/TOOLCHAIN_ARM_STD/startup_stm32f401xe.o(.text) referenced from mbed/TARGET_NUCLEO_F401RE/TOOLCHAIN_ARM_STD/startup_stm32f401xe.o(RESET)
 <LI><a href="#[58]">DMA2_Stream6_IRQHandler</a> from mbed/TARGET_NUCLEO_F401RE/TOOLCHAIN_ARM_STD/startup_stm32f401xe.o(.text) referenced from mbed/TARGET_NUCLEO_F401RE/TOOLCHAIN_ARM_STD/startup_stm32f401xe.o(RESET)
 <LI><a href="#[59]">DMA2_Stream7_IRQHandler</a> from mbed/TARGET_NUCLEO_F401RE/TOOLCHAIN_ARM_STD/startup_stm32f401xe.o(.text) referenced from mbed/TARGET_NUCLEO_F401RE/TOOLCHAIN_ARM_STD/startup_stm32f401xe.o(RESET)
 <LI><a href="#[24]">DebugMon_Handler</a> from mbed/TARGET_NUCLEO_F401RE/TOOLCHAIN_ARM_STD/startup_stm32f401xe.o(.text) referenced from mbed/TARGET_NUCLEO_F401RE/TOOLCHAIN_ARM_STD/startup_stm32f401xe.o(RESET)
 <LI><a href="#[2d]">EXTI0_IRQHandler</a> from mbed/TARGET_NUCLEO_F401RE/TOOLCHAIN_ARM_STD/startup_stm32f401xe.o(.text) referenced from mbed/TARGET_NUCLEO_F401RE/TOOLCHAIN_ARM_STD/startup_stm32f401xe.o(RESET)
 <LI><a href="#[4a]">EXTI15_10_IRQHandler</a> from mbed/TARGET_NUCLEO_F401RE/TOOLCHAIN_ARM_STD/startup_stm32f401xe.o(.text) referenced from mbed/TARGET_NUCLEO_F401RE/TOOLCHAIN_ARM_STD/startup_stm32f401xe.o(RESET)
 <LI><a href="#[2e]">EXTI1_IRQHandler</a> from mbed/TARGET_NUCLEO_F401RE/TOOLCHAIN_ARM_STD/startup_stm32f401xe.o(.text) referenced from mbed/TARGET_NUCLEO_F401RE/TOOLCHAIN_ARM_STD/startup_stm32f401xe.o(RESET)
 <LI><a href="#[2f]">EXTI2_IRQHandler</a> from mbed/TARGET_NUCLEO_F401RE/TOOLCHAIN_ARM_STD/startup_stm32f401xe.o(.text) referenced from mbed/TARGET_NUCLEO_F401RE/TOOLCHAIN_ARM_STD/startup_stm32f401xe.o(RESET)
 <LI><a href="#[30]">EXTI3_IRQHandler</a> from mbed/TARGET_NUCLEO_F401RE/TOOLCHAIN_ARM_STD/startup_stm32f401xe.o(.text) referenced from mbed/TARGET_NUCLEO_F401RE/TOOLCHAIN_ARM_STD/startup_stm32f401xe.o(RESET)
 <LI><a href="#[31]">EXTI4_IRQHandler</a> from mbed/TARGET_NUCLEO_F401RE/TOOLCHAIN_ARM_STD/startup_stm32f401xe.o(.text) referenced from mbed/TARGET_NUCLEO_F401RE/TOOLCHAIN_ARM_STD/startup_stm32f401xe.o(RESET)
 <LI><a href="#[3a]">EXTI9_5_IRQHandler</a> from mbed/TARGET_NUCLEO_F401RE/TOOLCHAIN_ARM_STD/startup_stm32f401xe.o(.text) referenced from mbed/TARGET_NUCLEO_F401RE/TOOLCHAIN_ARM_STD/startup_stm32f401xe.o(RESET)
 <LI><a href="#[2b]">FLASH_IRQHandler</a> from mbed/TARGET_NUCLEO_F401RE/TOOLCHAIN_ARM_STD/startup_stm32f401xe.o(.text) referenced from mbed/TARGET_NUCLEO_F401RE/TOOLCHAIN_ARM_STD/startup_stm32f401xe.o(RESET)
 <LI><a href="#[5d]">FPU_IRQHandler</a> from mbed/TARGET_NUCLEO_F401RE/TOOLCHAIN_ARM_STD/startup_stm32f401xe.o(.text) referenced from mbed/TARGET_NUCLEO_F401RE/TOOLCHAIN_ARM_STD/startup_stm32f401xe.o(RESET)
 <LI><a href="#[1f]">HardFault_Handler</a> from mbed/TARGET_NUCLEO_F401RE/TOOLCHAIN_ARM_STD/startup_stm32f401xe.o(.text) referenced from mbed/TARGET_NUCLEO_F401RE/TOOLCHAIN_ARM_STD/startup_stm32f401xe.o(RESET)
 <LI><a href="#[43]">I2C1_ER_IRQHandler</a> from mbed/TARGET_NUCLEO_F401RE/TOOLCHAIN_ARM_STD/startup_stm32f401xe.o(.text) referenced from mbed/TARGET_NUCLEO_F401RE/TOOLCHAIN_ARM_STD/startup_stm32f401xe.o(RESET)
 <LI><a href="#[42]">I2C1_EV_IRQHandler</a> from mbed/TARGET_NUCLEO_F401RE/TOOLCHAIN_ARM_STD/startup_stm32f401xe.o(.text) referenced from mbed/TARGET_NUCLEO_F401RE/TOOLCHAIN_ARM_STD/startup_stm32f401xe.o(RESET)
 <LI><a href="#[45]">I2C2_ER_IRQHandler</a> from mbed/TARGET_NUCLEO_F401RE/TOOLCHAIN_ARM_STD/startup_stm32f401xe.o(.text) referenced from mbed/TARGET_NUCLEO_F401RE/TOOLCHAIN_ARM_STD/startup_stm32f401xe.o(RESET)
 <LI><a href="#[44]">I2C2_EV_IRQHandler</a> from mbed/TARGET_NUCLEO_F401RE/TOOLCHAIN_ARM_STD/startup_stm32f401xe.o(.text) referenced from mbed/TARGET_NUCLEO_F401RE/TOOLCHAIN_ARM_STD/startup_stm32f401xe.o(RESET)
 <LI><a href="#[5c]">I2C3_ER_IRQHandler</a> from mbed/TARGET_NUCLEO_F401RE/TOOLCHAIN_ARM_STD/startup_stm32f401xe.o(.text) referenced from mbed/TARGET_NUCLEO_F401RE/TOOLCHAIN_ARM_STD/startup_stm32f401xe.o(RESET)
 <LI><a href="#[5b]">I2C3_EV_IRQHandler</a> from mbed/TARGET_NUCLEO_F401RE/TOOLCHAIN_ARM_STD/startup_stm32f401xe.o(.text) referenced from mbed/TARGET_NUCLEO_F401RE/TOOLCHAIN_ARM_STD/startup_stm32f401xe.o(RESET)
 <LI><a href="#[6e]">I2C_DMAAbort</a> from mbed/TARGET_NUCLEO_F401RE/TOOLCHAIN_ARM_STD/stm32f4xx_hal_i2c.o(i.I2C_DMAAbort) referenced from mbed/TARGET_NUCLEO_F401RE/TOOLCHAIN_ARM_STD/stm32f4xx_hal_i2c.o(i.I2C_ITError)
 <LI><a href="#[20]">MemManage_Handler</a> from mbed/TARGET_NUCLEO_F401RE/TOOLCHAIN_ARM_STD/startup_stm32f401xe.o(.text) referenced from mbed/TARGET_NUCLEO_F401RE/TOOLCHAIN_ARM_STD/startup_stm32f401xe.o(RESET)
 <LI><a href="#[1e]">NMI_Handler</a> from mbed/TARGET_NUCLEO_F401RE/TOOLCHAIN_ARM_STD/startup_stm32f401xe.o(.text) referenced from mbed/TARGET_NUCLEO_F401RE/TOOLCHAIN_ARM_STD/startup_stm32f401xe.o(RESET)
 <LI><a href="#[56]">OTG_FS_IRQHandler</a> from mbed/TARGET_NUCLEO_F401RE/TOOLCHAIN_ARM_STD/startup_stm32f401xe.o(.text) referenced from mbed/TARGET_NUCLEO_F401RE/TOOLCHAIN_ARM_STD/startup_stm32f401xe.o(RESET)
 <LI><a href="#[4c]">OTG_FS_WKUP_IRQHandler</a> from mbed/TARGET_NUCLEO_F401RE/TOOLCHAIN_ARM_STD/startup_stm32f401xe.o(.text) referenced from mbed/TARGET_NUCLEO_F401RE/TOOLCHAIN_ARM_STD/startup_stm32f401xe.o(RESET)
 <LI><a href="#[28]">PVD_IRQHandler</a> from mbed/TARGET_NUCLEO_F401RE/TOOLCHAIN_ARM_STD/startup_stm32f401xe.o(.text) referenced from mbed/TARGET_NUCLEO_F401RE/TOOLCHAIN_ARM_STD/startup_stm32f401xe.o(RESET)
 <LI><a href="#[25]">PendSV_Handler</a> from mbed/TARGET_NUCLEO_F401RE/TOOLCHAIN_ARM_STD/startup_stm32f401xe.o(.text) referenced from mbed/TARGET_NUCLEO_F401RE/TOOLCHAIN_ARM_STD/startup_stm32f401xe.o(RESET)
 <LI><a href="#[2c]">RCC_IRQHandler</a> from mbed/TARGET_NUCLEO_F401RE/TOOLCHAIN_ARM_STD/startup_stm32f401xe.o(.text) referenced from mbed/TARGET_NUCLEO_F401RE/TOOLCHAIN_ARM_STD/startup_stm32f401xe.o(RESET)
 <LI><a href="#[4b]">RTC_Alarm_IRQHandler</a> from mbed/TARGET_NUCLEO_F401RE/TOOLCHAIN_ARM_STD/startup_stm32f401xe.o(.text) referenced from mbed/TARGET_NUCLEO_F401RE/TOOLCHAIN_ARM_STD/startup_stm32f401xe.o(RESET)
 <LI><a href="#[2a]">RTC_WKUP_IRQHandler</a> from mbed/TARGET_NUCLEO_F401RE/TOOLCHAIN_ARM_STD/startup_stm32f401xe.o(.text) referenced from mbed/TARGET_NUCLEO_F401RE/TOOLCHAIN_ARM_STD/startup_stm32f401xe.o(RESET)
 <LI><a href="#[1d]">Reset_Handler</a> from mbed/TARGET_NUCLEO_F401RE/TOOLCHAIN_ARM_STD/startup_stm32f401xe.o(.text) referenced from mbed/TARGET_NUCLEO_F401RE/TOOLCHAIN_ARM_STD/startup_stm32f401xe.o(RESET)
 <LI><a href="#[4e]">SDIO_IRQHandler</a> from mbed/TARGET_NUCLEO_F401RE/TOOLCHAIN_ARM_STD/startup_stm32f401xe.o(.text) referenced from mbed/TARGET_NUCLEO_F401RE/TOOLCHAIN_ARM_STD/startup_stm32f401xe.o(RESET)
 <LI><a href="#[46]">SPI1_IRQHandler</a> from mbed/TARGET_NUCLEO_F401RE/TOOLCHAIN_ARM_STD/startup_stm32f401xe.o(.text) referenced from mbed/TARGET_NUCLEO_F401RE/TOOLCHAIN_ARM_STD/startup_stm32f401xe.o(RESET)
 <LI><a href="#[47]">SPI2_IRQHandler</a> from mbed/TARGET_NUCLEO_F401RE/TOOLCHAIN_ARM_STD/startup_stm32f401xe.o(.text) referenced from mbed/TARGET_NUCLEO_F401RE/TOOLCHAIN_ARM_STD/startup_stm32f401xe.o(RESET)
 <LI><a href="#[50]">SPI3_IRQHandler</a> from mbed/TARGET_NUCLEO_F401RE/TOOLCHAIN_ARM_STD/startup_stm32f401xe.o(.text) referenced from mbed/TARGET_NUCLEO_F401RE/TOOLCHAIN_ARM_STD/startup_stm32f401xe.o(RESET)
 <LI><a href="#[5e]">SPI4_IRQHandler</a> from mbed/TARGET_NUCLEO_F401RE/TOOLCHAIN_ARM_STD/startup_stm32f401xe.o(.text) referenced from mbed/TARGET_NUCLEO_F401RE/TOOLCHAIN_ARM_STD/startup_stm32f401xe.o(RESET)
 <LI><a href="#[23]">SVC_Handler</a> from mbed/TARGET_NUCLEO_F401RE/TOOLCHAIN_ARM_STD/startup_stm32f401xe.o(.text) referenced from mbed/TARGET_NUCLEO_F401RE/TOOLCHAIN_ARM_STD/startup_stm32f401xe.o(RESET)
 <LI><a href="#[26]">SysTick_Handler</a> from mbed/TARGET_NUCLEO_F401RE/TOOLCHAIN_ARM_STD/startup_stm32f401xe.o(.text) referenced from mbed/TARGET_NUCLEO_F401RE/TOOLCHAIN_ARM_STD/startup_stm32f401xe.o(RESET)
 <LI><a href="#[5f]">SystemInit</a> from mbed/TARGET_NUCLEO_F401RE/TOOLCHAIN_ARM_STD/system_clock.o(i.SystemInit) referenced from mbed/TARGET_NUCLEO_F401RE/TOOLCHAIN_ARM_STD/startup_stm32f401xe.o(.text)
 <LI><a href="#[29]">TAMP_STAMP_IRQHandler</a> from mbed/TARGET_NUCLEO_F401RE/TOOLCHAIN_ARM_STD/startup_stm32f401xe.o(.text) referenced from mbed/TARGET_NUCLEO_F401RE/TOOLCHAIN_ARM_STD/startup_stm32f401xe.o(RESET)
 <LI><a href="#[3b]">TIM1_BRK_TIM9_IRQHandler</a> from mbed/TARGET_NUCLEO_F401RE/TOOLCHAIN_ARM_STD/startup_stm32f401xe.o(.text) referenced from mbed/TARGET_NUCLEO_F401RE/TOOLCHAIN_ARM_STD/startup_stm32f401xe.o(RESET)
 <LI><a href="#[3e]">TIM1_CC_IRQHandler</a> from mbed/TARGET_NUCLEO_F401RE/TOOLCHAIN_ARM_STD/startup_stm32f401xe.o(.text) referenced from mbed/TARGET_NUCLEO_F401RE/TOOLCHAIN_ARM_STD/startup_stm32f401xe.o(RESET)
 <LI><a href="#[3d]">TIM1_TRG_COM_TIM11_IRQHandler</a> from mbed/TARGET_NUCLEO_F401RE/TOOLCHAIN_ARM_STD/startup_stm32f401xe.o(.text) referenced from mbed/TARGET_NUCLEO_F401RE/TOOLCHAIN_ARM_STD/startup_stm32f401xe.o(RESET)
 <LI><a href="#[3c]">TIM1_UP_TIM10_IRQHandler</a> from mbed/TARGET_NUCLEO_F401RE/TOOLCHAIN_ARM_STD/startup_stm32f401xe.o(.text) referenced from mbed/TARGET_NUCLEO_F401RE/TOOLCHAIN_ARM_STD/startup_stm32f401xe.o(RESET)
 <LI><a href="#[3f]">TIM2_IRQHandler</a> from mbed/TARGET_NUCLEO_F401RE/TOOLCHAIN_ARM_STD/startup_stm32f401xe.o(.text) referenced from mbed/TARGET_NUCLEO_F401RE/TOOLCHAIN_ARM_STD/startup_stm32f401xe.o(RESET)
 <LI><a href="#[40]">TIM3_IRQHandler</a> from mbed/TARGET_NUCLEO_F401RE/TOOLCHAIN_ARM_STD/startup_stm32f401xe.o(.text) referenced from mbed/TARGET_NUCLEO_F401RE/TOOLCHAIN_ARM_STD/startup_stm32f401xe.o(RESET)
 <LI><a href="#[41]">TIM4_IRQHandler</a> from mbed/TARGET_NUCLEO_F401RE/TOOLCHAIN_ARM_STD/startup_stm32f401xe.o(.text) referenced from mbed/TARGET_NUCLEO_F401RE/TOOLCHAIN_ARM_STD/startup_stm32f401xe.o(RESET)
 <LI><a href="#[4f]">TIM5_IRQHandler</a> from mbed/TARGET_NUCLEO_F401RE/TOOLCHAIN_ARM_STD/startup_stm32f401xe.o(.text) referenced from mbed/TARGET_NUCLEO_F401RE/TOOLCHAIN_ARM_STD/startup_stm32f401xe.o(RESET)
 <LI><a href="#[6d]">UART_DMAAbortOnError</a> from mbed/TARGET_NUCLEO_F401RE/TOOLCHAIN_ARM_STD/stm32f4xx_hal_uart.o(i.UART_DMAAbortOnError) referenced from mbed/TARGET_NUCLEO_F401RE/TOOLCHAIN_ARM_STD/stm32f4xx_hal_uart.o(i.HAL_UART_IRQHandler)
 <LI><a href="#[48]">USART1_IRQHandler</a> from mbed/TARGET_NUCLEO_F401RE/TOOLCHAIN_ARM_STD/startup_stm32f401xe.o(.text) referenced from mbed/TARGET_NUCLEO_F401RE/TOOLCHAIN_ARM_STD/startup_stm32f401xe.o(RESET)
 <LI><a href="#[49]">USART2_IRQHandler</a> from mbed/TARGET_NUCLEO_F401RE/TOOLCHAIN_ARM_STD/startup_stm32f401xe.o(.text) referenced from mbed/TARGET_NUCLEO_F401RE/TOOLCHAIN_ARM_STD/startup_stm32f401xe.o(RESET)
 <LI><a href="#[5a]">USART6_IRQHandler</a> from mbed/TARGET_NUCLEO_F401RE/TOOLCHAIN_ARM_STD/startup_stm32f401xe.o(.text) referenced from mbed/TARGET_NUCLEO_F401RE/TOOLCHAIN_ARM_STD/startup_stm32f401xe.o(RESET)
 <LI><a href="#[22]">UsageFault_Handler</a> from mbed/TARGET_NUCLEO_F401RE/TOOLCHAIN_ARM_STD/startup_stm32f401xe.o(.text) referenced from mbed/TARGET_NUCLEO_F401RE/TOOLCHAIN_ARM_STD/startup_stm32f401xe.o(RESET)
 <LI><a href="#[27]">WWDG_IRQHandler</a> from mbed/TARGET_NUCLEO_F401RE/TOOLCHAIN_ARM_STD/startup_stm32f401xe.o(.text) referenced from mbed/TARGET_NUCLEO_F401RE/TOOLCHAIN_ARM_STD/startup_stm32f401xe.o(RESET)
 <LI><a href="#[89]">taskRedLED()</a> from .\build\main.o(i._Z10taskRedLEDv) referenced from .\build\main.o(i.main)
 <LI><a href="#[70]">taskgreenLED()</a> from .\build\main.o(i._Z12taskgreenLEDv) referenced from .\build\main.o(i._Z13taskMoterMovev)
 <LI><a href="#[70]">taskgreenLED()</a> from .\build\main.o(i._Z12taskgreenLEDv) referenced from .\build\main.o(i.main)
 <LI><a href="#[88]">taskMoterMove()</a> from .\build\main.o(i._Z13taskMoterMovev) referenced from .\build\main.o(i.main)
 <LI><a href="#[6f]">taskBuzzerMove()</a> from .\build\main.o(i._Z14taskBuzzerMovev) referenced from .\build\main.o(i._Z13taskMoterMovev)
 <LI><a href="#[6f]">taskBuzzerMove()</a> from .\build\main.o(i._Z14taskBuzzerMovev) referenced from .\build\main.o(i.main)
 <LI><a href="#[87]">task2CursorMove()</a> from .\build\main.o(i._Z15task2CursorMovev) referenced from .\build\main.o(i.main)
 <LI><a href="#[86]">task1JoystickInput()</a> from .\build\main.o(i._Z18task1JoystickInputv) referenced from .\build\main.o(i.main)
 <LI><a href="#[a4]">Adafruit_GFX::drawFastVLine(short, short, short, unsigned short)</a> from .\build\adafruit_gfx.o(i._ZN12Adafruit_GFX13drawFastVLineEssst) referenced from .\build\adafruit_gfx.o(.constdata__ZTV12Adafruit_GFX)
 <LI><a href="#[a4]">Adafruit_GFX::drawFastVLine(short, short, short, unsigned short)</a> from .\build\adafruit_gfx.o(i._ZN12Adafruit_GFX13drawFastVLineEssst) referenced from .\build\adafruit_ssd1306.o(.constdata__ZTV16Adafruit_SSD1306)
 <LI><a href="#[a4]">Adafruit_GFX::drawFastVLine(short, short, short, unsigned short)</a> from .\build\adafruit_gfx.o(i._ZN12Adafruit_GFX13drawFastVLineEssst) referenced from .\build\main.o(.constdata__ZTV20Adafruit_SSD1306_I2c)
 <LI><a href="#[9f]">Adafruit_GFX::_putc(int)</a> from .\build\main.o(i._ZN12Adafruit_GFX5_putcEi) referenced from .\build\adafruit_gfx.o(.constdata__ZTV12Adafruit_GFX)
 <LI><a href="#[9f]">Adafruit_GFX::_putc(int)</a> from .\build\main.o(i._ZN12Adafruit_GFX5_putcEi) referenced from .\build\adafruit_ssd1306.o(.constdata__ZTV16Adafruit_SSD1306)
 <LI><a href="#[9f]">Adafruit_GFX::_putc(int)</a> from .\build\main.o(i._ZN12Adafruit_GFX5_putcEi) referenced from .\build\main.o(.constdata__ZTV20Adafruit_SSD1306_I2c)
 <LI><a href="#[a3]">Adafruit_GFX::drawLine(short, short, short, short, unsigned short)</a> from .\build\adafruit_gfx.o(i._ZN12Adafruit_GFX8drawLineEsssst) referenced from .\build\adafruit_gfx.o(.constdata__ZTV12Adafruit_GFX)
 <LI><a href="#[a3]">Adafruit_GFX::drawLine(short, short, short, short, unsigned short)</a> from .\build\adafruit_gfx.o(i._ZN12Adafruit_GFX8drawLineEsssst) referenced from .\build\adafruit_ssd1306.o(.constdata__ZTV16Adafruit_SSD1306)
 <LI><a href="#[a3]">Adafruit_GFX::drawLine(short, short, short, short, unsigned short)</a> from .\build\adafruit_gfx.o(i._ZN12Adafruit_GFX8drawLineEsssst) referenced from .\build\main.o(.constdata__ZTV20Adafruit_SSD1306_I2c)
 <LI><a href="#[a5]">Adafruit_GFX::fillRect(short, short, short, short, unsigned short)</a> from .\build\adafruit_gfx.o(i._ZN12Adafruit_GFX8fillRectEsssst) referenced from .\build\adafruit_gfx.o(.constdata__ZTV12Adafruit_GFX)
 <LI><a href="#[a5]">Adafruit_GFX::fillRect(short, short, short, short, unsigned short)</a> from .\build\adafruit_gfx.o(i._ZN12Adafruit_GFX8fillRectEsssst) referenced from .\build\adafruit_ssd1306.o(.constdata__ZTV16Adafruit_SSD1306)
 <LI><a href="#[a5]">Adafruit_GFX::fillRect(short, short, short, short, unsigned short)</a> from .\build\adafruit_gfx.o(i._ZN12Adafruit_GFX8fillRectEsssst) referenced from .\build\main.o(.constdata__ZTV20Adafruit_SSD1306_I2c)
 <LI><a href="#[a7]">DirectSerial::seek(long, int)</a> from mbed/TARGET_NUCLEO_F401RE/TOOLCHAIN_ARM_STD/mbed_retarget.o(i._ZN12DirectSerial4seekEli) referenced from mbed/TARGET_NUCLEO_F401RE/TOOLCHAIN_ARM_STD/mbed_retarget.o(.constdata__ZTV12DirectSerial)
 <LI><a href="#[aa]">DirectSerial::size()</a> from mbed/TARGET_NUCLEO_F401RE/TOOLCHAIN_ARM_STD/mbed_retarget.o(i._ZN12DirectSerial4sizeEv) referenced from mbed/TARGET_NUCLEO_F401RE/TOOLCHAIN_ARM_STD/mbed_retarget.o(.constdata__ZTV12DirectSerial)
 <LI><a href="#[a8]">DirectSerial::close()</a> from mbed/TARGET_NUCLEO_F401RE/TOOLCHAIN_ARM_STD/mbed_retarget.o(i._ZN12DirectSerial5closeEv) referenced from mbed/TARGET_NUCLEO_F401RE/TOOLCHAIN_ARM_STD/mbed_retarget.o(.constdata__ZTV12DirectSerial)
 <LI><a href="#[a6]">DirectSerial::write(const void*, unsigned)</a> from mbed/TARGET_NUCLEO_F401RE/TOOLCHAIN_ARM_STD/mbed_retarget.o(i._ZN12DirectSerial5writeEPKvj) referenced from mbed/TARGET_NUCLEO_F401RE/TOOLCHAIN_ARM_STD/mbed_retarget.o(.constdata__ZTV12DirectSerial)
 <LI><a href="#[a9]">DirectSerial::isatty()</a> from mbed/TARGET_NUCLEO_F401RE/TOOLCHAIN_ARM_STD/mbed_retarget.o(i._ZN12DirectSerial6isattyEv) referenced from mbed/TARGET_NUCLEO_F401RE/TOOLCHAIN_ARM_STD/mbed_retarget.o(.constdata__ZTV12DirectSerial)
 <LI><a href="#[71]">DirectSerial::~DirectSerial()</a> from mbed/TARGET_NUCLEO_F401RE/TOOLCHAIN_ARM_STD/mbed_retarget.o(i._ZN12DirectSerialD1Ev) referenced from mbed/TARGET_NUCLEO_F401RE/TOOLCHAIN_ARM_STD/mbed_retarget.o(.constdata__ZTV12DirectSerial)
 <LI><a href="#[71]">DirectSerial::~DirectSerial()</a> from mbed/TARGET_NUCLEO_F401RE/TOOLCHAIN_ARM_STD/mbed_retarget.o(i._ZN12DirectSerialD1Ev) referenced from mbed/TARGET_NUCLEO_F401RE/TOOLCHAIN_ARM_STD/mbed_retarget.o(i._Z7get_fhci)
 <LI><a href="#[ad]">Adafruit_SSD1306::splash()</a> from .\build\adafruit_ssd1306.o(i._ZN16Adafruit_SSD13066splashEv) referenced from .\build\adafruit_ssd1306.o(.constdata__ZTV16Adafruit_SSD1306)
 <LI><a href="#[ad]">Adafruit_SSD1306::splash()</a> from .\build\adafruit_ssd1306.o(i._ZN16Adafruit_SSD13066splashEv) referenced from .\build\main.o(.constdata__ZTV20Adafruit_SSD1306_I2c)
 <LI><a href="#[ac]">Adafruit_SSD1306::drawPixel(short, short, unsigned short)</a> from .\build\adafruit_ssd1306.o(i._ZN16Adafruit_SSD13069drawPixelEsst) referenced from .\build\adafruit_ssd1306.o(.constdata__ZTV16Adafruit_SSD1306)
 <LI><a href="#[ac]">Adafruit_SSD1306::drawPixel(short, short, unsigned short)</a> from .\build\adafruit_ssd1306.o(i._ZN16Adafruit_SSD13069drawPixelEsst) referenced from .\build\main.o(.constdata__ZTV20Adafruit_SSD1306_I2c)
 <LI><a href="#[ab]">Adafruit_SSD1306::~Adafruit_SSD1306__sub_object()</a> from .\build\main.o(i._ZN16Adafruit_SSD1306D2Ev) referenced from .\build\adafruit_ssd1306.o(.constdata__ZTV16Adafruit_SSD1306)
 <LI><a href="#[af]">Adafruit_SSD1306_I2c::sendDisplayBuffer()</a> from .\build\main.o(i._ZN20Adafruit_SSD1306_I2c17sendDisplayBufferEv) referenced from .\build\main.o(.constdata__ZTV20Adafruit_SSD1306_I2c)
 <LI><a href="#[ae]">Adafruit_SSD1306_I2c::command(unsigned char)</a> from .\build\main.o(i._ZN20Adafruit_SSD1306_I2c7commandEh) referenced from .\build\main.o(.constdata__ZTV20Adafruit_SSD1306_I2c)
 <LI><a href="#[80]">Adafruit_SSD1306_I2c::~Adafruit_SSD1306_I2c()</a> from .\build\main.o(i._ZN20Adafruit_SSD1306_I2cD1Ev) referenced from .\build\main.o(.constdata__ZTV20Adafruit_SSD1306_I2c)
 <LI><a href="#[80]">Adafruit_SSD1306_I2c::~Adafruit_SSD1306_I2c()</a> from .\build\main.o(i._ZN20Adafruit_SSD1306_I2cD1Ev) referenced from .\build\main.o(i.__sti___8_main_cpp_greenLed)
 <LI><a href="#[68]">[local to arm_exceptions_c]::__default_terminate_handler()</a> from C:\Keil_v5\ARM\ARMCC\Bin\..\lib\cpplib\cpprt_w.l(arm_exceptions_globs.o)(.text) referenced from C:\Keil_v5\ARM\ARMCC\Bin\..\lib\cpplib\cpprt_w.l(arm_exceptions_globs.o)(.text)
 <LI><a href="#[c4]">__rw::__rw_facet_base::_C_initfacet(const std::locale&)</a> from C:\Keil_v5\ARM\ARMCC\Bin\..\lib\cpplib\cpp_ws.l(char.o)(i._ZN4__rw15__rw_facet_base12_C_initfacetERKSt6locale) referenced from C:\Keil_v5\ARM\ARMCC\Bin\..\lib\cpplib\cpp_ws.l(rwstdexcept.o)(.constdata__ZTVNSt6locale5facetE)
 <LI><a href="#[c4]">__rw::__rw_facet_base::_C_initfacet(const std::locale&)</a> from C:\Keil_v5\ARM\ARMCC\Bin\..\lib\cpplib\cpp_ws.l(char.o)(i._ZN4__rw15__rw_facet_base12_C_initfacetERKSt6locale) referenced from C:\Keil_v5\ARM\ARMCC\Bin\..\lib\cpplib\cpp_ws.l(rwstdexcept.o)(.constdata__ZTVSt8messagesIcE)
 <LI><a href="#[8f]">__rw::__rw_facet_maker&lang;std::ctype&lang;char&rang;&rang;::_C_maker_func(int, const char*, unsigned)</a> from C:\Keil_v5\ARM\ARMCC\Bin\..\lib\cpplib\cpp_ws.l(rwstdexcept.o)(t._ZN4__rw16__rw_facet_makerISt5ctypeIcEE13_C_maker_funcEiPKcj) referenced from C:\Keil_v5\ARM\ARMCC\Bin\..\lib\cpplib\cpp_ws.l(rwstdexcept.o)(t._ZNKSt8messagesIcE6do_getEiiiRKSs)
 <LI><a href="#[7d]">__rw::__rw_locale_vector&lang;__rw::__rw_cat*&rang;::~__rw_locale_vector()</a> from C:\Keil_v5\ARM\ARMCC\Bin\..\lib\cpplib\cpp_ws.l(rwcats.o)(t._ZN4__rw18__rw_locale_vectorIPNS_8__rw_catEED1Ev) referenced from C:\Keil_v5\ARM\ARMCC\Bin\..\lib\cpplib\cpp_ws.l(rwcats.o)(i.__sti___10_rwcats_cpp_64e8068e)
 <LI><a href="#[7b]">__rw::__rw_locale_vector&lang;std::__rw_open_cat_data&rang;::~__rw_locale_vector()</a> from C:\Keil_v5\ARM\ARMCC\Bin\..\lib\cpplib\cpp_ws.l(messages.o)(t._ZN4__rw18__rw_locale_vectorISt18__rw_open_cat_dataED1Ev) referenced from C:\Keil_v5\ARM\ARMCC\Bin\..\lib\cpplib\cpp_ws.l(messages.o)(i._ZSt13__rw_get_catsv)
 <LI><a href="#[1c]">__rw::__rw_throw_exception_noex(int, char*)</a> from C:\Keil_v5\ARM\ARMCC\Bin\..\lib\cpplib\cpp_ws.l(rwthrowproc_impl_noex.o)(i._ZN4__rw25__rw_throw_exception_noexEiPc) referenced 2 times from C:\Keil_v5\ARM\ARMCC\Bin\..\lib\cpplib\cpp_ws.l(rwthrowproc_noex.o)(.data)
 <LI><a href="#[b1]">mbed::FileHandle::size()</a> from mbed/TARGET_NUCLEO_F401RE/TOOLCHAIN_ARM_STD/mbed.ar(FileHandle.o)(i._ZN4mbed10FileHandle4sizeEv) referenced from mbed/TARGET_NUCLEO_F401RE/TOOLCHAIN_ARM_STD/mbed.ar(FileHandle.o)(.constdata__ZTVN4mbed10FileHandleE)
 <LI><a href="#[b0]">mbed::FileHandle::isatty()</a> from mbed/TARGET_NUCLEO_F401RE/TOOLCHAIN_ARM_STD/mbed.ar(FileHandle.o)(i._ZN4mbed10FileHandle6isattyEv) referenced from mbed/TARGET_NUCLEO_F401RE/TOOLCHAIN_ARM_STD/mbed.ar(FileHandle.o)(.constdata__ZTVN4mbed10FileHandleE)
 <LI><a href="#[76]">mbed::SerialBase::_irq_handler(unsigned, SerialIrq)</a> from mbed/TARGET_NUCLEO_F401RE/TOOLCHAIN_ARM_STD/mbed.ar(SerialBase.o)(i._ZN4mbed10SerialBase12_irq_handlerEj9SerialIrq) referenced from mbed/TARGET_NUCLEO_F401RE/TOOLCHAIN_ARM_STD/mbed.ar(SerialBase.o)(i._ZN4mbed10SerialBaseC1E7PinNameS1_i)
 <LI><a href="#[91]">mbed::SerialBase::interrupt_handler_asynch()</a> from mbed/TARGET_NUCLEO_F401RE/TOOLCHAIN_ARM_STD/mbed.ar(SerialBase.o)(i._ZN4mbed10SerialBase24interrupt_handler_asynchEv) referenced from mbed/TARGET_NUCLEO_F401RE/TOOLCHAIN_ARM_STD/mbed.ar(SerialBase.o)(.constdata)
 <LI><a href="#[b2]">mbed::SerialBase::lock()</a> from mbed/TARGET_NUCLEO_F401RE/TOOLCHAIN_ARM_STD/mbed.ar(SerialBase.o)(i._ZN4mbed10SerialBase4lockEv) referenced from mbed/TARGET_NUCLEO_F401RE/TOOLCHAIN_ARM_STD/mbed.ar(SerialBase.o)(.constdata__ZTVN4mbed10SerialBaseE)
 <LI><a href="#[b3]">mbed::SerialBase::unlock()</a> from mbed/TARGET_NUCLEO_F401RE/TOOLCHAIN_ARM_STD/mbed.ar(SerialBase.o)(i._ZN4mbed10SerialBase6unlockEv) referenced from mbed/TARGET_NUCLEO_F401RE/TOOLCHAIN_ARM_STD/mbed.ar(SerialBase.o)(.constdata__ZTVN4mbed10SerialBaseE)
 <LI><a href="#[b4]">mbed::SerialBase::~SerialBase()</a> from mbed/TARGET_NUCLEO_F401RE/TOOLCHAIN_ARM_STD/mbed.ar(SerialBase.o)(i._ZN4mbed10SerialBaseD1Ev) referenced from mbed/TARGET_NUCLEO_F401RE/TOOLCHAIN_ARM_STD/mbed.ar(SerialBase.o)(.constdata__ZTVN4mbed10SerialBaseE)
 <LI><a href="#[78]">mbed::TimerEvent::irq(unsigned)</a> from mbed/TARGET_NUCLEO_F401RE/TOOLCHAIN_ARM_STD/mbed.ar(TimerEvent.o)(i._ZN4mbed10TimerEvent3irqEj) referenced from mbed/TARGET_NUCLEO_F401RE/TOOLCHAIN_ARM_STD/mbed.ar(TimerEvent.o)(i._ZN4mbed10TimerEventC2Ev)
 <LI><a href="#[b5]">mbed::TimerEvent::~TimerEvent__sub_object()</a> from mbed/TARGET_NUCLEO_F401RE/TOOLCHAIN_ARM_STD/mbed.ar(TimerEvent.o)(i._ZN4mbed10TimerEventD2Ev) referenced from mbed/TARGET_NUCLEO_F401RE/TOOLCHAIN_ARM_STD/mbed.ar(TimerEvent.o)(.constdata__ZTVN4mbed10TimerEventE)
 <LI><a href="#[90]">mbed::I2C::irq_handler_asynch()</a> from mbed/TARGET_NUCLEO_F401RE/TOOLCHAIN_ARM_STD/mbed.ar(I2C.o)(i._ZN4mbed3I2C18irq_handler_asynchEv) referenced from mbed/TARGET_NUCLEO_F401RE/TOOLCHAIN_ARM_STD/mbed.ar(I2C.o)(.constdata)
 <LI><a href="#[b6]">mbed::I2C::lock()</a> from mbed/TARGET_NUCLEO_F401RE/TOOLCHAIN_ARM_STD/mbed.ar(I2C.o)(i._ZN4mbed3I2C4lockEv) referenced from mbed/TARGET_NUCLEO_F401RE/TOOLCHAIN_ARM_STD/mbed.ar(I2C.o)(.constdata__ZTVN4mbed3I2CE)
 <LI><a href="#[b7]">mbed::I2C::unlock()</a> from mbed/TARGET_NUCLEO_F401RE/TOOLCHAIN_ARM_STD/mbed.ar(I2C.o)(i._ZN4mbed3I2C6unlockEv) referenced from mbed/TARGET_NUCLEO_F401RE/TOOLCHAIN_ARM_STD/mbed.ar(I2C.o)(.constdata__ZTVN4mbed3I2CE)
 <LI><a href="#[7f]">mbed::I2C::~I2C()</a> from mbed/TARGET_NUCLEO_F401RE/TOOLCHAIN_ARM_STD/mbed.ar(I2C.o)(i._ZN4mbed3I2CD1Ev) referenced from mbed/TARGET_NUCLEO_F401RE/TOOLCHAIN_ARM_STD/mbed.ar(I2C.o)(.constdata__ZTVN4mbed3I2CE)
 <LI><a href="#[7f]">mbed::I2C::~I2C()</a> from mbed/TARGET_NUCLEO_F401RE/TOOLCHAIN_ARM_STD/mbed.ar(I2C.o)(i._ZN4mbed3I2CD1Ev) referenced from .\build\main.o(i.__sti___8_main_cpp_greenLed)
 <LI><a href="#[b8]">mbed::Serial::lock()</a> from mbed/TARGET_NUCLEO_F401RE/TOOLCHAIN_ARM_STD/mbed.ar(Serial.o)(i._ZN4mbed6Serial4lockEv) referenced from mbed/TARGET_NUCLEO_F401RE/TOOLCHAIN_ARM_STD/mbed.ar(Serial.o)(.constdata__ZTVN4mbed6SerialE)
 <LI><a href="#[b9]">mbed::Serial::unlock()</a> from mbed/TARGET_NUCLEO_F401RE/TOOLCHAIN_ARM_STD/mbed.ar(Serial.o)(i._ZN4mbed6Serial6unlockEv) referenced from mbed/TARGET_NUCLEO_F401RE/TOOLCHAIN_ARM_STD/mbed.ar(Serial.o)(.constdata__ZTVN4mbed6SerialE)
 <LI><a href="#[81]">mbed::Serial::~Serial()</a> from mbed/TARGET_NUCLEO_F401RE/TOOLCHAIN_ARM_STD/mbed.ar(Serial.o)(i._ZN4mbed6SerialD1Ev) referenced from mbed/TARGET_NUCLEO_F401RE/TOOLCHAIN_ARM_STD/mbed.ar(Serial.o)(.constdata__ZTVN4mbed6SerialE)
 <LI><a href="#[81]">mbed::Serial::~Serial()</a> from mbed/TARGET_NUCLEO_F401RE/TOOLCHAIN_ARM_STD/mbed.ar(Serial.o)(i._ZN4mbed6SerialD1Ev) referenced from .\build\main.o(i.__sti___8_main_cpp_greenLed)
 <LI><a href="#[a0]">mbed::Stream::lock()</a> from mbed/TARGET_NUCLEO_F401RE/TOOLCHAIN_ARM_STD/mbed.ar(Stream.o)(i._ZN4mbed6Stream4lockEv) referenced from .\build\adafruit_gfx.o(.constdata__ZTV12Adafruit_GFX)
 <LI><a href="#[a0]">mbed::Stream::lock()</a> from mbed/TARGET_NUCLEO_F401RE/TOOLCHAIN_ARM_STD/mbed.ar(Stream.o)(i._ZN4mbed6Stream4lockEv) referenced from .\build\adafruit_ssd1306.o(.constdata__ZTV16Adafruit_SSD1306)
 <LI><a href="#[a0]">mbed::Stream::lock()</a> from mbed/TARGET_NUCLEO_F401RE/TOOLCHAIN_ARM_STD/mbed.ar(Stream.o)(i._ZN4mbed6Stream4lockEv) referenced from .\build\main.o(.constdata__ZTV20Adafruit_SSD1306_I2c)
 <LI><a href="#[a0]">mbed::Stream::lock()</a> from mbed/TARGET_NUCLEO_F401RE/TOOLCHAIN_ARM_STD/mbed.ar(Stream.o)(i._ZN4mbed6Stream4lockEv) referenced from mbed/TARGET_NUCLEO_F401RE/TOOLCHAIN_ARM_STD/mbed.ar(Stream.o)(.constdata__ZTVN4mbed6StreamE)
 <LI><a href="#[9b]">mbed::Stream::seek(long, int)</a> from mbed/TARGET_NUCLEO_F401RE/TOOLCHAIN_ARM_STD/mbed.ar(Stream.o)(i._ZN4mbed6Stream4seekEli) referenced from .\build\adafruit_gfx.o(.constdata__ZTV12Adafruit_GFX)
 <LI><a href="#[9b]">mbed::Stream::seek(long, int)</a> from mbed/TARGET_NUCLEO_F401RE/TOOLCHAIN_ARM_STD/mbed.ar(Stream.o)(i._ZN4mbed6Stream4seekEli) referenced from .\build\adafruit_ssd1306.o(.constdata__ZTV16Adafruit_SSD1306)
 <LI><a href="#[9b]">mbed::Stream::seek(long, int)</a> from mbed/TARGET_NUCLEO_F401RE/TOOLCHAIN_ARM_STD/mbed.ar(Stream.o)(i._ZN4mbed6Stream4seekEli) referenced from .\build\main.o(.constdata__ZTV20Adafruit_SSD1306_I2c)
 <LI><a href="#[9b]">mbed::Stream::seek(long, int)</a> from mbed/TARGET_NUCLEO_F401RE/TOOLCHAIN_ARM_STD/mbed.ar(Stream.o)(i._ZN4mbed6Stream4seekEli) referenced from mbed/TARGET_NUCLEO_F401RE/TOOLCHAIN_ARM_STD/mbed.ar(Serial.o)(.constdata__ZTVN4mbed6SerialE)
 <LI><a href="#[9b]">mbed::Stream::seek(long, int)</a> from mbed/TARGET_NUCLEO_F401RE/TOOLCHAIN_ARM_STD/mbed.ar(Stream.o)(i._ZN4mbed6Stream4seekEli) referenced from mbed/TARGET_NUCLEO_F401RE/TOOLCHAIN_ARM_STD/mbed.ar(Stream.o)(.constdata__ZTVN4mbed6StreamE)
 <LI><a href="#[9e]">mbed::Stream::size()</a> from mbed/TARGET_NUCLEO_F401RE/TOOLCHAIN_ARM_STD/mbed.ar(Stream.o)(i._ZN4mbed6Stream4sizeEv) referenced from .\build\adafruit_gfx.o(.constdata__ZTV12Adafruit_GFX)
 <LI><a href="#[9e]">mbed::Stream::size()</a> from mbed/TARGET_NUCLEO_F401RE/TOOLCHAIN_ARM_STD/mbed.ar(Stream.o)(i._ZN4mbed6Stream4sizeEv) referenced from .\build\adafruit_ssd1306.o(.constdata__ZTV16Adafruit_SSD1306)
 <LI><a href="#[9e]">mbed::Stream::size()</a> from mbed/TARGET_NUCLEO_F401RE/TOOLCHAIN_ARM_STD/mbed.ar(Stream.o)(i._ZN4mbed6Stream4sizeEv) referenced from .\build\main.o(.constdata__ZTV20Adafruit_SSD1306_I2c)
 <LI><a href="#[9e]">mbed::Stream::size()</a> from mbed/TARGET_NUCLEO_F401RE/TOOLCHAIN_ARM_STD/mbed.ar(Stream.o)(i._ZN4mbed6Stream4sizeEv) referenced from mbed/TARGET_NUCLEO_F401RE/TOOLCHAIN_ARM_STD/mbed.ar(Serial.o)(.constdata__ZTVN4mbed6SerialE)
 <LI><a href="#[9e]">mbed::Stream::size()</a> from mbed/TARGET_NUCLEO_F401RE/TOOLCHAIN_ARM_STD/mbed.ar(Stream.o)(i._ZN4mbed6Stream4sizeEv) referenced from mbed/TARGET_NUCLEO_F401RE/TOOLCHAIN_ARM_STD/mbed.ar(Stream.o)(.constdata__ZTVN4mbed6StreamE)
 <LI><a href="#[9c]">mbed::Stream::close()</a> from mbed/TARGET_NUCLEO_F401RE/TOOLCHAIN_ARM_STD/mbed.ar(Stream.o)(i._ZN4mbed6Stream5closeEv) referenced from .\build\adafruit_gfx.o(.constdata__ZTV12Adafruit_GFX)
 <LI><a href="#[9c]">mbed::Stream::close()</a> from mbed/TARGET_NUCLEO_F401RE/TOOLCHAIN_ARM_STD/mbed.ar(Stream.o)(i._ZN4mbed6Stream5closeEv) referenced from .\build\adafruit_ssd1306.o(.constdata__ZTV16Adafruit_SSD1306)
 <LI><a href="#[9c]">mbed::Stream::close()</a> from mbed/TARGET_NUCLEO_F401RE/TOOLCHAIN_ARM_STD/mbed.ar(Stream.o)(i._ZN4mbed6Stream5closeEv) referenced from .\build\main.o(.constdata__ZTV20Adafruit_SSD1306_I2c)
 <LI><a href="#[9c]">mbed::Stream::close()</a> from mbed/TARGET_NUCLEO_F401RE/TOOLCHAIN_ARM_STD/mbed.ar(Stream.o)(i._ZN4mbed6Stream5closeEv) referenced from mbed/TARGET_NUCLEO_F401RE/TOOLCHAIN_ARM_STD/mbed.ar(Serial.o)(.constdata__ZTVN4mbed6SerialE)
 <LI><a href="#[9c]">mbed::Stream::close()</a> from mbed/TARGET_NUCLEO_F401RE/TOOLCHAIN_ARM_STD/mbed.ar(Stream.o)(i._ZN4mbed6Stream5closeEv) referenced from mbed/TARGET_NUCLEO_F401RE/TOOLCHAIN_ARM_STD/mbed.ar(Stream.o)(.constdata__ZTVN4mbed6StreamE)
 <LI><a href="#[9a]">mbed::Stream::write(const void*, unsigned)</a> from mbed/TARGET_NUCLEO_F401RE/TOOLCHAIN_ARM_STD/mbed.ar(Stream.o)(i._ZN4mbed6Stream5writeEPKvj) referenced from .\build\adafruit_gfx.o(.constdata__ZTV12Adafruit_GFX)
 <LI><a href="#[9a]">mbed::Stream::write(const void*, unsigned)</a> from mbed/TARGET_NUCLEO_F401RE/TOOLCHAIN_ARM_STD/mbed.ar(Stream.o)(i._ZN4mbed6Stream5writeEPKvj) referenced from .\build\adafruit_ssd1306.o(.constdata__ZTV16Adafruit_SSD1306)
 <LI><a href="#[9a]">mbed::Stream::write(const void*, unsigned)</a> from mbed/TARGET_NUCLEO_F401RE/TOOLCHAIN_ARM_STD/mbed.ar(Stream.o)(i._ZN4mbed6Stream5writeEPKvj) referenced from .\build\main.o(.constdata__ZTV20Adafruit_SSD1306_I2c)
 <LI><a href="#[9a]">mbed::Stream::write(const void*, unsigned)</a> from mbed/TARGET_NUCLEO_F401RE/TOOLCHAIN_ARM_STD/mbed.ar(Stream.o)(i._ZN4mbed6Stream5writeEPKvj) referenced from mbed/TARGET_NUCLEO_F401RE/TOOLCHAIN_ARM_STD/mbed.ar(Serial.o)(.constdata__ZTVN4mbed6SerialE)
 <LI><a href="#[9a]">mbed::Stream::write(const void*, unsigned)</a> from mbed/TARGET_NUCLEO_F401RE/TOOLCHAIN_ARM_STD/mbed.ar(Stream.o)(i._ZN4mbed6Stream5writeEPKvj) referenced from mbed/TARGET_NUCLEO_F401RE/TOOLCHAIN_ARM_STD/mbed.ar(Stream.o)(.constdata__ZTVN4mbed6StreamE)
 <LI><a href="#[9d]">mbed::Stream::isatty()</a> from mbed/TARGET_NUCLEO_F401RE/TOOLCHAIN_ARM_STD/mbed.ar(Stream.o)(i._ZN4mbed6Stream6isattyEv) referenced from .\build\adafruit_gfx.o(.constdata__ZTV12Adafruit_GFX)
 <LI><a href="#[9d]">mbed::Stream::isatty()</a> from mbed/TARGET_NUCLEO_F401RE/TOOLCHAIN_ARM_STD/mbed.ar(Stream.o)(i._ZN4mbed6Stream6isattyEv) referenced from .\build\adafruit_ssd1306.o(.constdata__ZTV16Adafruit_SSD1306)
 <LI><a href="#[9d]">mbed::Stream::isatty()</a> from mbed/TARGET_NUCLEO_F401RE/TOOLCHAIN_ARM_STD/mbed.ar(Stream.o)(i._ZN4mbed6Stream6isattyEv) referenced from .\build\main.o(.constdata__ZTV20Adafruit_SSD1306_I2c)
 <LI><a href="#[9d]">mbed::Stream::isatty()</a> from mbed/TARGET_NUCLEO_F401RE/TOOLCHAIN_ARM_STD/mbed.ar(Stream.o)(i._ZN4mbed6Stream6isattyEv) referenced from mbed/TARGET_NUCLEO_F401RE/TOOLCHAIN_ARM_STD/mbed.ar(Serial.o)(.constdata__ZTVN4mbed6SerialE)
 <LI><a href="#[9d]">mbed::Stream::isatty()</a> from mbed/TARGET_NUCLEO_F401RE/TOOLCHAIN_ARM_STD/mbed.ar(Stream.o)(i._ZN4mbed6Stream6isattyEv) referenced from mbed/TARGET_NUCLEO_F401RE/TOOLCHAIN_ARM_STD/mbed.ar(Stream.o)(.constdata__ZTVN4mbed6StreamE)
 <LI><a href="#[a1]">mbed::Stream::unlock()</a> from mbed/TARGET_NUCLEO_F401RE/TOOLCHAIN_ARM_STD/mbed.ar(Stream.o)(i._ZN4mbed6Stream6unlockEv) referenced from .\build\adafruit_gfx.o(.constdata__ZTV12Adafruit_GFX)
 <LI><a href="#[a1]">mbed::Stream::unlock()</a> from mbed/TARGET_NUCLEO_F401RE/TOOLCHAIN_ARM_STD/mbed.ar(Stream.o)(i._ZN4mbed6Stream6unlockEv) referenced from .\build\adafruit_ssd1306.o(.constdata__ZTV16Adafruit_SSD1306)
 <LI><a href="#[a1]">mbed::Stream::unlock()</a> from mbed/TARGET_NUCLEO_F401RE/TOOLCHAIN_ARM_STD/mbed.ar(Stream.o)(i._ZN4mbed6Stream6unlockEv) referenced from .\build\main.o(.constdata__ZTV20Adafruit_SSD1306_I2c)
 <LI><a href="#[a1]">mbed::Stream::unlock()</a> from mbed/TARGET_NUCLEO_F401RE/TOOLCHAIN_ARM_STD/mbed.ar(Stream.o)(i._ZN4mbed6Stream6unlockEv) referenced from mbed/TARGET_NUCLEO_F401RE/TOOLCHAIN_ARM_STD/mbed.ar(Stream.o)(.constdata__ZTVN4mbed6StreamE)
 <LI><a href="#[bd]">mbed::Stream::~Stream__sub_object()</a> from mbed/TARGET_NUCLEO_F401RE/TOOLCHAIN_ARM_STD/mbed.ar(Stream.o)(i._ZN4mbed6StreamD2Ev) referenced from mbed/TARGET_NUCLEO_F401RE/TOOLCHAIN_ARM_STD/mbed.ar(Stream.o)(.constdata__ZTVN4mbed6StreamE)
 <LI><a href="#[be]">mbed::Ticker::handler()</a> from mbed/TARGET_NUCLEO_F401RE/TOOLCHAIN_ARM_STD/mbed.ar(Ticker.o)(i._ZN4mbed6Ticker7handlerEv) referenced from mbed/TARGET_NUCLEO_F401RE/TOOLCHAIN_ARM_STD/mbed.ar(Ticker.o)(.constdata__ZTVN4mbed6TickerE)
 <LI><a href="#[82]">mbed::Ticker::~Ticker()</a> from mbed/TARGET_NUCLEO_F401RE/TOOLCHAIN_ARM_STD/mbed.ar(Ticker.o)(i._ZN4mbed6TickerD1Ev) referenced from mbed/TARGET_NUCLEO_F401RE/TOOLCHAIN_ARM_STD/mbed.ar(Ticker.o)(.constdata__ZTVN4mbed6TickerE)
 <LI><a href="#[82]">mbed::Ticker::~Ticker()</a> from mbed/TARGET_NUCLEO_F401RE/TOOLCHAIN_ARM_STD/mbed.ar(Ticker.o)(i._ZN4mbed6TickerD1Ev) referenced from .\build\main.o(i.__sti___8_main_cpp_greenLed)
 <LI><a href="#[bf]">mbed::Timeout::handler()</a> from mbed/TARGET_NUCLEO_F401RE/TOOLCHAIN_ARM_STD/mbed.ar(Timeout.o)(i._ZN4mbed7Timeout7handlerEv) referenced from mbed/TARGET_NUCLEO_F401RE/TOOLCHAIN_ARM_STD/mbed.ar(Timeout.o)(.constdata__ZTVN4mbed7TimeoutE)
 <LI><a href="#[83]">mbed::Timeout::~Timeout()</a> from mbed/TARGET_NUCLEO_F401RE/TOOLCHAIN_ARM_STD/mbed.ar(Timeout.o)(i._ZN4mbed7TimeoutD1Ev) referenced from mbed/TARGET_NUCLEO_F401RE/TOOLCHAIN_ARM_STD/mbed.ar(Timeout.o)(.constdata__ZTVN4mbed7TimeoutE)
 <LI><a href="#[83]">mbed::Timeout::~Timeout()</a> from mbed/TARGET_NUCLEO_F401RE/TOOLCHAIN_ARM_STD/mbed.ar(Timeout.o)(i._ZN4mbed7TimeoutD1Ev) referenced from .\build\main.o(i.__sti___8_main_cpp_greenLed)
 <LI><a href="#[c0]">mbed::AnalogIn::lock()</a> from .\build\main.o(i._ZN4mbed8AnalogIn4lockEv) referenced from .\build\main.o(.constdata__ZTVN4mbed8AnalogInE)
 <LI><a href="#[c1]">mbed::AnalogIn::unlock()</a> from .\build\main.o(i._ZN4mbed8AnalogIn6unlockEv) referenced from .\build\main.o(.constdata__ZTVN4mbed8AnalogInE)
 <LI><a href="#[84]">mbed::AnalogIn::~AnalogIn()</a> from .\build\main.o(i._ZN4mbed8AnalogInD1Ev) referenced from .\build\main.o(.constdata__ZTVN4mbed8AnalogInE)
 <LI><a href="#[84]">mbed::AnalogIn::~AnalogIn()</a> from .\build\main.o(i._ZN4mbed8AnalogInD1Ev) referenced from .\build\main.o(i.__sti___8_main_cpp_greenLed)
 <LI><a href="#[d0]">void mbed::Callback&lang;void()&rang;::function_call&lang;void(*)()&rang;(const void*)</a> from .\build\main.o(t._ZN4mbed8CallbackIFvvEE13function_callIPS1_EEvPKv) referenced from .\build\main.o(.constdata__ZZN4mbed8CallbackIFvvEE8generateIPS1_EEvRKT_E3ops)
 <LI><a href="#[d2]">void mbed::Callback&lang;void()&rang;::function_dtor&lang;void(*)()&rang;(void*)</a> from .\build\main.o(t._ZN4mbed8CallbackIFvvEE13function_dtorIPS1_EEvPv) referenced from .\build\main.o(.constdata__ZZN4mbed8CallbackIFvvEE8generateIPS1_EEvRKT_E3ops)
 <LI><a href="#[d1]">void mbed::Callback&lang;void()&rang;::function_move&lang;void(*)()&rang;(void*, const void*)</a> from .\build\main.o(t._ZN4mbed8CallbackIFvvEE13function_moveIPS1_EEvPvPKv) referenced from .\build\main.o(.constdata__ZZN4mbed8CallbackIFvvEE8generateIPS1_EEvRKT_E3ops)
 <LI><a href="#[77]">mbed::Callback&lang;void()&rang;::~Callback()</a> from mbed/TARGET_NUCLEO_F401RE/TOOLCHAIN_ARM_STD/mbed.ar(SerialBase.o)(t._ZN4mbed8CallbackIFvvEED1Ev) referenced from mbed/TARGET_NUCLEO_F401RE/TOOLCHAIN_ARM_STD/mbed.ar(SerialBase.o)(i._ZN4mbed10SerialBaseD1Ev)
 <LI><a href="#[c2]">mbed::FileBase::~FileBase()</a> from mbed/TARGET_NUCLEO_F401RE/TOOLCHAIN_ARM_STD/mbed.ar(FileBase.o)(i._ZN4mbed8FileBaseD1Ev) referenced from mbed/TARGET_NUCLEO_F401RE/TOOLCHAIN_ARM_STD/mbed.ar(FileBase.o)(.constdata__ZTVN4mbed8FileBaseE)
 <LI><a href="#[7e]">Motor::~Motor()</a> from .\build\main.o(i._ZN5MotorD1Ev) referenced from .\build\main.o(i.__sti___8_main_cpp_greenLed)
 <LI><a href="#[74]">CThunk&lang;mbed::SerialBase&rang;::trampoline(mbed::SerialBase*, void*, void(mbed::SerialBase::**)(void*))</a> from mbed/TARGET_NUCLEO_F401RE/TOOLCHAIN_ARM_STD/mbed.ar(SerialBase.o)(t._ZN6CThunkIN4mbed10SerialBaseEE10trampolineEPS1_PvPMS1_FvS4_E) referenced from mbed/TARGET_NUCLEO_F401RE/TOOLCHAIN_ARM_STD/mbed.ar(SerialBase.o)(i._ZN4mbed10SerialBaseC1E7PinNameS1_i)
 <LI><a href="#[79]">CThunk&lang;mbed::I2C&rang;::trampoline(mbed::I2C*, void*, void(mbed::I2C::**)(void*))</a> from mbed/TARGET_NUCLEO_F401RE/TOOLCHAIN_ARM_STD/mbed.ar(I2C.o)(t._ZN6CThunkIN4mbed3I2CEE10trampolineEPS1_PvPMS1_FvS4_E) referenced from mbed/TARGET_NUCLEO_F401RE/TOOLCHAIN_ARM_STD/mbed.ar(I2C.o)(i._ZN4mbed3I2CC1E7PinNameS1_)
 <LI><a href="#[c9]">std::__rw_exception::what() const</a> from C:\Keil_v5\ARM\ARMCC\Bin\..\lib\cpplib\cpp_ws.l(rwstdexcept.o)(i._ZNKSt14__rw_exception4whatEv) referenced from C:\Keil_v5\ARM\ARMCC\Bin\..\lib\cpplib\cpp_ws.l(rwstdexcept.o)(.constdata__ZTVSt14__rw_exception)
 <LI><a href="#[cf]">std::messages&lang;char&rang;::do_get(int, int, int, const std::basic_string&lang;char, std::char_traits&lang;char&rang;, std::allocator&lang;char&rang;&rang;&) const</a> from C:\Keil_v5\ARM\ARMCC\Bin\..\lib\cpplib\cpp_ws.l(rwstdexcept.o)(t._ZNKSt8messagesIcE6do_getEiiiRKSs) referenced from C:\Keil_v5\ARM\ARMCC\Bin\..\lib\cpplib\cpp_ws.l(rwstdexcept.o)(.constdata__ZTVSt8messagesIcE)
 <LI><a href="#[ce]">std::messages&lang;char&rang;::do_open(const std::basic_string&lang;char, std::char_traits&lang;char&rang;, std::allocator&lang;char&rang;&rang;&, const std::locale&) const</a> from C:\Keil_v5\ARM\ARMCC\Bin\..\lib\cpplib\cpp_ws.l(rwstdexcept.o)(t._ZNKSt8messagesIcE7do_openERKSsRKSt6locale) referenced from C:\Keil_v5\ARM\ARMCC\Bin\..\lib\cpplib\cpp_ws.l(rwstdexcept.o)(.constdata__ZTVSt8messagesIcE)
 <LI><a href="#[72]">std::basic_string&lang;char, std::char_traits&lang;char&rang;, std::allocator&lang;char&rang;&rang;::~basic_string()</a> from C:\Keil_v5\ARM\ARMCC\Bin\..\lib\cpplib\cpp_ws.l(char.o)(t._ZNSsD1Ev) referenced from C:\Keil_v5\ARM\ARMCC\Bin\..\lib\cpplib\cpp_ws.l(locale.o)(i._ZN4__rw15__rw_locale_impC1EPKcjj)
 <LI><a href="#[72]">std::basic_string&lang;char, std::char_traits&lang;char&rang;, std::allocator&lang;char&rang;&rang;::~basic_string()</a> from C:\Keil_v5\ARM\ARMCC\Bin\..\lib\cpplib\cpp_ws.l(char.o)(t._ZNSsD1Ev) referenced from C:\Keil_v5\ARM\ARMCC\Bin\..\lib\cpplib\cpp_ws.l(locale.o)(t._ZN4__rw18__rw_locale_vectorISsED1Ev)
 <LI><a href="#[c6]">std::ctype_byname&lang;char&rang;::~ctype_byname__deallocating()</a> from C:\Keil_v5\ARM\ARMCC\Bin\..\lib\cpplib\cpp_ws.l(char.o)(i._ZNSt12ctype_bynameIcED0Ev) referenced from C:\Keil_v5\ARM\ARMCC\Bin\..\lib\cpplib\cpp_ws.l(char.o)(.constdata__ZTVSt12ctype_bynameIcE)
 <LI><a href="#[c5]">std::ctype_byname&lang;char&rang;::~ctype_byname()</a> from C:\Keil_v5\ARM\ARMCC\Bin\..\lib\cpplib\cpp_ws.l(char.o)(i._ZNSt12ctype_bynameIcED1Ev) referenced from C:\Keil_v5\ARM\ARMCC\Bin\..\lib\cpplib\cpp_ws.l(char.o)(.constdata__ZTVSt12ctype_bynameIcE)
 <LI><a href="#[c8]">std::__rw_exception::~__rw_exception()</a> from C:\Keil_v5\ARM\ARMCC\Bin\..\lib\cpplib\cpp_ws.l(rwstdexcept.o)(i._ZNSt14__rw_exceptionD1Ev) referenced from C:\Keil_v5\ARM\ARMCC\Bin\..\lib\cpplib\cpp_ws.l(rwstdexcept.o)(.constdata__ZTVSt14__rw_exception)
 <LI><a href="#[8e]">std::__rw_open_cat_data::__rw_open_cat_data()</a> from C:\Keil_v5\ARM\ARMCC\Bin\..\lib\cpplib\cpp_ws.l(messages.o)(i._ZNSt18__rw_open_cat_dataC1Ev) referenced from C:\Keil_v5\ARM\ARMCC\Bin\..\lib\cpplib\cpp_ws.l(messages.o)(t._ZN4__rw18__rw_locale_vectorISt18__rw_open_cat_dataE6resizeEj)
 <LI><a href="#[8d]">std::__rw_open_cat_data::~__rw_open_cat_data()</a> from C:\Keil_v5\ARM\ARMCC\Bin\..\lib\cpplib\cpp_ws.l(messages.o)(i._ZNSt18__rw_open_cat_dataD1Ev) referenced from C:\Keil_v5\ARM\ARMCC\Bin\..\lib\cpplib\cpp_ws.l(messages.o)(t._ZN4__rw18__rw_locale_vectorISt18__rw_open_cat_dataE6resizeEj)
 <LI><a href="#[8d]">std::__rw_open_cat_data::~__rw_open_cat_data()</a> from C:\Keil_v5\ARM\ARMCC\Bin\..\lib\cpplib\cpp_ws.l(messages.o)(i._ZNSt18__rw_open_cat_dataD1Ev) referenced from C:\Keil_v5\ARM\ARMCC\Bin\..\lib\cpplib\cpp_ws.l(messages.o)(t._ZN4__rw18__rw_locale_vectorISt18__rw_open_cat_dataED1Ev)
 <LI><a href="#[c7]">std::ctype&lang;char&rang;::_C_initfacet(const std::locale&)</a> from C:\Keil_v5\ARM\ARMCC\Bin\..\lib\cpplib\cpp_ws.l(char.o)(i._ZNSt5ctypeIcE12_C_initfacetERKSt6locale) referenced from C:\Keil_v5\ARM\ARMCC\Bin\..\lib\cpplib\cpp_ws.l(char.o)(.constdata__ZTVSt12ctype_bynameIcE)
 <LI><a href="#[c7]">std::ctype&lang;char&rang;::_C_initfacet(const std::locale&)</a> from C:\Keil_v5\ARM\ARMCC\Bin\..\lib\cpplib\cpp_ws.l(char.o)(i._ZNSt5ctypeIcE12_C_initfacetERKSt6locale) referenced from C:\Keil_v5\ARM\ARMCC\Bin\..\lib\cpplib\cpp_ws.l(char.o)(.constdata__ZTVSt5ctypeIcE)
 <LI><a href="#[cb]">std::ctype&lang;char&rang;::~ctype__deallocating()</a> from C:\Keil_v5\ARM\ARMCC\Bin\..\lib\cpplib\cpp_ws.l(char.o)(i._ZNSt5ctypeIcED0Ev) referenced from C:\Keil_v5\ARM\ARMCC\Bin\..\lib\cpplib\cpp_ws.l(char.o)(.constdata__ZTVSt5ctypeIcE)
 <LI><a href="#[ca]">std::ctype&lang;char&rang;::~ctype()</a> from C:\Keil_v5\ARM\ARMCC\Bin\..\lib\cpplib\cpp_ws.l(char.o)(i._ZNSt5ctypeIcED1Ev) referenced from C:\Keil_v5\ARM\ARMCC\Bin\..\lib\cpplib\cpp_ws.l(char.o)(.constdata__ZTVSt5ctypeIcE)
 <LI><a href="#[c3]">std::locale::facet::~facet__deallocating()</a> from C:\Keil_v5\ARM\ARMCC\Bin\..\lib\cpplib\cpp_ws.l(rwstdexcept.o)(i._ZNSt6locale5facetD0Ev) referenced from C:\Keil_v5\ARM\ARMCC\Bin\..\lib\cpplib\cpp_ws.l(rwstdexcept.o)(.constdata__ZTVNSt6locale5facetE)
 <LI><a href="#[7a]">std::locale::~locale()</a> from C:\Keil_v5\ARM\ARMCC\Bin\..\lib\cpplib\cpp_ws.l(locale.o)(i._ZNSt6localeD1Ev) referenced from C:\Keil_v5\ARM\ARMCC\Bin\..\lib\cpplib\cpp_ws.l(locale.o)(i._ZNSt6locale7classicEv)
 <LI><a href="#[cd]">std::messages&lang;char&rang;::~messages__deallocating()</a> from C:\Keil_v5\ARM\ARMCC\Bin\..\lib\cpplib\cpp_ws.l(rwstdexcept.o)(i._ZNSt8messagesIcED0Ev) referenced from C:\Keil_v5\ARM\ARMCC\Bin\..\lib\cpplib\cpp_ws.l(rwstdexcept.o)(.constdata__ZTVSt8messagesIcE)
 <LI><a href="#[cc]">std::messages&lang;char&rang;::~messages()</a> from C:\Keil_v5\ARM\ARMCC\Bin\..\lib\cpplib\cpp_ws.l(rwstdexcept.o)(i._ZNSt8messagesIcED1Ev) referenced from C:\Keil_v5\ARM\ARMCC\Bin\..\lib\cpplib\cpp_ws.l(rwstdexcept.o)(.constdata__ZTVSt8messagesIcE)
 <LI><a href="#[bb]">thunk{-188} to mbed::Serial::lock()</a> from mbed/TARGET_NUCLEO_F401RE/TOOLCHAIN_ARM_STD/mbed.ar(Serial.o)(i._ZThn188_N4mbed6Serial4lockEv) referenced from mbed/TARGET_NUCLEO_F401RE/TOOLCHAIN_ARM_STD/mbed.ar(Serial.o)(.constdata__ZTVN4mbed6SerialE)
 <LI><a href="#[ba]">thunk{-188} to mbed::Serial::_putc(int)</a> from mbed/TARGET_NUCLEO_F401RE/TOOLCHAIN_ARM_STD/mbed.ar(Serial.o)(i._ZThn188_N4mbed6Serial5_putcEi) referenced from mbed/TARGET_NUCLEO_F401RE/TOOLCHAIN_ARM_STD/mbed.ar(Serial.o)(.constdata__ZTVN4mbed6SerialE)
 <LI><a href="#[bc]">thunk{-188} to mbed::Serial::unlock()</a> from mbed/TARGET_NUCLEO_F401RE/TOOLCHAIN_ARM_STD/mbed.ar(Serial.o)(i._ZThn188_N4mbed6Serial6unlockEv) referenced from mbed/TARGET_NUCLEO_F401RE/TOOLCHAIN_ARM_STD/mbed.ar(Serial.o)(.constdata__ZTVN4mbed6SerialE)
 <LI><a href="#[7c]">operator delete[] (void*)</a> from mbed/TARGET_NUCLEO_F401RE/TOOLCHAIN_ARM_STD/mbed_retarget.o(i._ZdaPv) referenced from C:\Keil_v5\ARM\ARMCC\Bin\..\lib\cpplib\cpprt_w.l(cxa_vec_new.o)(i.__cxa_vec_new)
 <LI><a href="#[a2]">__cxa_pure_virtual</a> from C:\Keil_v5\ARM\ARMCC\Bin\..\lib\cpplib\cpprt_w.l(pure_virt.o)(i.__cxa_pure_virtual) referenced from .\build\adafruit_gfx.o(.constdata__ZTV12Adafruit_GFX)
 <LI><a href="#[a2]">__cxa_pure_virtual</a> from C:\Keil_v5\ARM\ARMCC\Bin\..\lib\cpplib\cpprt_w.l(pure_virt.o)(i.__cxa_pure_virtual) referenced 3 times from .\build\adafruit_ssd1306.o(.constdata__ZTV16Adafruit_SSD1306)
 <LI><a href="#[a2]">__cxa_pure_virtual</a> from C:\Keil_v5\ARM\ARMCC\Bin\..\lib\cpplib\cpprt_w.l(pure_virt.o)(i.__cxa_pure_virtual) referenced 4 times from mbed/TARGET_NUCLEO_F401RE/TOOLCHAIN_ARM_STD/mbed.ar(FileHandle.o)(.constdata__ZTVN4mbed10FileHandleE)
 <LI><a href="#[a2]">__cxa_pure_virtual</a> from C:\Keil_v5\ARM\ARMCC\Bin\..\lib\cpplib\cpprt_w.l(pure_virt.o)(i.__cxa_pure_virtual) referenced from mbed/TARGET_NUCLEO_F401RE/TOOLCHAIN_ARM_STD/mbed.ar(TimerEvent.o)(.constdata__ZTVN4mbed10TimerEventE)
 <LI><a href="#[a2]">__cxa_pure_virtual</a> from C:\Keil_v5\ARM\ARMCC\Bin\..\lib\cpplib\cpprt_w.l(pure_virt.o)(i.__cxa_pure_virtual) referenced 2 times from mbed/TARGET_NUCLEO_F401RE/TOOLCHAIN_ARM_STD/mbed.ar(Stream.o)(.constdata__ZTVN4mbed6StreamE)
 <LI><a href="#[d7]">__main</a> from C:\Keil_v5\ARM\ARMCC\Bin\..\lib\armlib\c_w.l(__main.o)(!!!main) referenced from mbed/TARGET_NUCLEO_F401RE/TOOLCHAIN_ARM_STD/startup_stm32f401xe.o(.text)
 <LI><a href="#[d5]">__sti___10_locale_cpp_ff99fc7b</a> from C:\Keil_v5\ARM\ARMCC\Bin\..\lib\cpplib\cpp_ws.l(locale.o)(i.__sti___10_locale_cpp_ff99fc7b) referenced from C:\Keil_v5\ARM\ARMCC\Bin\..\lib\cpplib\cpp_ws.l(locale.o)(.init_array)
 <LI><a href="#[d6]">__sti___10_rwcats_cpp_64e8068e</a> from C:\Keil_v5\ARM\ARMCC\Bin\..\lib\cpplib\cpp_ws.l(rwcats.o)(i.__sti___10_rwcats_cpp_64e8068e) referenced from C:\Keil_v5\ARM\ARMCC\Bin\..\lib\cpplib\cpp_ws.l(rwcats.o)(.init_array)
 <LI><a href="#[d4]">__sti___8_char_cpp_a3dc957a</a> from C:\Keil_v5\ARM\ARMCC\Bin\..\lib\cpplib\cpp_ws.l(char.o)(i.__sti___8_char_cpp_a3dc957a) referenced from C:\Keil_v5\ARM\ARMCC\Bin\..\lib\cpplib\cpp_ws.l(char.o)(.init_array)
 <LI><a href="#[d3]">__sti___8_main_cpp_greenLed</a> from .\build\main.o(i.__sti___8_main_cpp_greenLed) referenced from .\build\main.o(.init_array)
 <LI><a href="#[69]">_get_lc_ctype</a> from C:\Keil_v5\ARM\ARMCC\Bin\..\lib\armlib\c_w.l(lc_ctype_c.o)(locale$$code) referenced from C:\Keil_v5\ARM\ARMCC\Bin\..\lib\armlib\c_w.l(rt_ctype_table.o)(.text)
 <LI><a href="#[62]">_printf_input_char</a> from C:\Keil_v5\ARM\ARMCC\Bin\..\lib\armlib\c_w.l(_printf_char_common.o)(.text) referenced from C:\Keil_v5\ARM\ARMCC\Bin\..\lib\armlib\c_w.l(_printf_char_common.o)(.text)
 <LI><a href="#[65]">_sbackspace</a> from C:\Keil_v5\ARM\ARMCC\Bin\..\lib\armlib\c_w.l(_sgetc.o)(.text) referenced from C:\Keil_v5\ARM\ARMCC\Bin\..\lib\armlib\c_w.l(sscanf.o)(.text)
 <LI><a href="#[66]">_scanf_char_input</a> from C:\Keil_v5\ARM\ARMCC\Bin\..\lib\armlib\c_w.l(scanf_char.o)(.text) referenced from C:\Keil_v5\ARM\ARMCC\Bin\..\lib\armlib\c_w.l(scanf_char.o)(.text)
 <LI><a href="#[64]">_sgetc</a> from C:\Keil_v5\ARM\ARMCC\Bin\..\lib\armlib\c_w.l(_sgetc.o)(.text) referenced from C:\Keil_v5\ARM\ARMCC\Bin\..\lib\armlib\c_w.l(sscanf.o)(.text)
 <LI><a href="#[61]">_snputc</a> from C:\Keil_v5\ARM\ARMCC\Bin\..\lib\armlib\c_w.l(_snputc.o)(.text) referenced from C:\Keil_v5\ARM\ARMCC\Bin\..\lib\armlib\c_w.l(vsnprintf.o)(.text)
 <LI><a href="#[63]">fputc</a> from C:\Keil_v5\ARM\ARMCC\Bin\..\lib\armlib\c_w.l(fputc.o)(i.fputc) referenced from C:\Keil_v5\ARM\ARMCC\Bin\..\lib\armlib\c_w.l(_printf_char_file.o)(.text)
 <LI><a href="#[6a]">i2c1_irq</a> from mbed/TARGET_NUCLEO_F401RE/TOOLCHAIN_ARM_STD/i2c_api.o(i.i2c1_irq) referenced from mbed/TARGET_NUCLEO_F401RE/TOOLCHAIN_ARM_STD/i2c_api.o(i.HAL_I2C_ErrorCallback)
 <LI><a href="#[6a]">i2c1_irq</a> from mbed/TARGET_NUCLEO_F401RE/TOOLCHAIN_ARM_STD/i2c_api.o(i.i2c1_irq) referenced from mbed/TARGET_NUCLEO_F401RE/TOOLCHAIN_ARM_STD/i2c_api.o(i.i2c_write)
 <LI><a href="#[6b]">i2c2_irq</a> from mbed/TARGET_NUCLEO_F401RE/TOOLCHAIN_ARM_STD/i2c_api.o(i.i2c2_irq) referenced from mbed/TARGET_NUCLEO_F401RE/TOOLCHAIN_ARM_STD/i2c_api.o(i.HAL_I2C_ErrorCallback)
 <LI><a href="#[6b]">i2c2_irq</a> from mbed/TARGET_NUCLEO_F401RE/TOOLCHAIN_ARM_STD/i2c_api.o(i.i2c2_irq) referenced from mbed/TARGET_NUCLEO_F401RE/TOOLCHAIN_ARM_STD/i2c_api.o(i.i2c_write)
 <LI><a href="#[6c]">i2c3_irq</a> from mbed/TARGET_NUCLEO_F401RE/TOOLCHAIN_ARM_STD/i2c_api.o(i.i2c3_irq) referenced from mbed/TARGET_NUCLEO_F401RE/TOOLCHAIN_ARM_STD/i2c_api.o(i.HAL_I2C_ErrorCallback)
 <LI><a href="#[6c]">i2c3_irq</a> from mbed/TARGET_NUCLEO_F401RE/TOOLCHAIN_ARM_STD/i2c_api.o(i.i2c3_irq) referenced from mbed/TARGET_NUCLEO_F401RE/TOOLCHAIN_ARM_STD/i2c_api.o(i.i2c_write)
 <LI><a href="#[67]">isspace</a> from C:\Keil_v5\ARM\ARMCC\Bin\..\lib\armlib\c_w.l(isspace.o)(.text) referenced from C:\Keil_v5\ARM\ARMCC\Bin\..\lib\armlib\c_w.l(scanf_char.o)(.text)
 <LI><a href="#[1b]">ticker_irq_handler</a> from mbed/TARGET_NUCLEO_F401RE/TOOLCHAIN_ARM_STD/mbed.ar(mbed_ticker_api.o)(i.ticker_irq_handler) referenced 2 times from mbed/TARGET_NUCLEO_F401RE/TOOLCHAIN_ARM_STD/mbed.ar(mbed_us_ticker_api.o)(.data)
 <LI><a href="#[85]">timer_irq_handler</a> from mbed/TARGET_NUCLEO_F401RE/TOOLCHAIN_ARM_STD/us_ticker.o(i.timer_irq_handler) referenced from mbed/TARGET_NUCLEO_F401RE/TOOLCHAIN_ARM_STD/us_ticker.o(i.init_32bit_timer)
 <LI><a href="#[8b]">uart1_irq</a> from mbed/TARGET_NUCLEO_F401RE/TOOLCHAIN_ARM_STD/serial_device.o(i.uart1_irq) referenced from mbed/TARGET_NUCLEO_F401RE/TOOLCHAIN_ARM_STD/serial_device.o(i.serial_irq_set)
 <LI><a href="#[8a]">uart2_irq</a> from mbed/TARGET_NUCLEO_F401RE/TOOLCHAIN_ARM_STD/serial_device.o(i.uart2_irq) referenced from mbed/TARGET_NUCLEO_F401RE/TOOLCHAIN_ARM_STD/serial_device.o(i.serial_irq_set)
 <LI><a href="#[8c]">uart6_irq</a> from mbed/TARGET_NUCLEO_F401RE/TOOLCHAIN_ARM_STD/serial_device.o(i.uart6_irq) referenced from mbed/TARGET_NUCLEO_F401RE/TOOLCHAIN_ARM_STD/serial_device.o(i.serial_irq_set)
 <LI><a href="#[95]">us_ticker_clear_interrupt</a> from mbed/TARGET_NUCLEO_F401RE/TOOLCHAIN_ARM_STD/us_ticker.o(i.us_ticker_clear_interrupt) referenced from mbed/TARGET_NUCLEO_F401RE/TOOLCHAIN_ARM_STD/mbed.ar(mbed_us_ticker_api.o)(.constdata)
 <LI><a href="#[94]">us_ticker_disable_interrupt</a> from mbed/TARGET_NUCLEO_F401RE/TOOLCHAIN_ARM_STD/us_ticker.o(i.us_ticker_disable_interrupt) referenced from mbed/TARGET_NUCLEO_F401RE/TOOLCHAIN_ARM_STD/mbed.ar(mbed_us_ticker_api.o)(.constdata)
 <LI><a href="#[97]">us_ticker_fire_interrupt</a> from mbed/TARGET_NUCLEO_F401RE/TOOLCHAIN_ARM_STD/us_ticker.o(i.us_ticker_fire_interrupt) referenced from mbed/TARGET_NUCLEO_F401RE/TOOLCHAIN_ARM_STD/mbed.ar(mbed_us_ticker_api.o)(.constdata)
 <LI><a href="#[98]">us_ticker_free</a> from mbed/TARGET_NUCLEO_F401RE/TOOLCHAIN_ARM_STD/us_ticker.o(i.us_ticker_free) referenced from mbed/TARGET_NUCLEO_F401RE/TOOLCHAIN_ARM_STD/mbed.ar(mbed_us_ticker_api.o)(.constdata)
 <LI><a href="#[99]">us_ticker_get_info</a> from mbed/TARGET_NUCLEO_F401RE/TOOLCHAIN_ARM_STD/us_ticker.o(i.us_ticker_get_info) referenced from mbed/TARGET_NUCLEO_F401RE/TOOLCHAIN_ARM_STD/mbed.ar(mbed_us_ticker_api.o)(.constdata)
 <LI><a href="#[92]">us_ticker_init</a> from mbed/TARGET_NUCLEO_F401RE/TOOLCHAIN_ARM_STD/us_ticker.o(i.us_ticker_init) referenced from mbed/TARGET_NUCLEO_F401RE/TOOLCHAIN_ARM_STD/mbed.ar(mbed_us_ticker_api.o)(.constdata)
 <LI><a href="#[93]">us_ticker_read</a> from mbed/TARGET_NUCLEO_F401RE/TOOLCHAIN_ARM_STD/us_ticker.o(i.us_ticker_read) referenced from mbed/TARGET_NUCLEO_F401RE/TOOLCHAIN_ARM_STD/mbed.ar(mbed_us_ticker_api.o)(.constdata)
 <LI><a href="#[96]">us_ticker_set_interrupt</a> from mbed/TARGET_NUCLEO_F401RE/TOOLCHAIN_ARM_STD/us_ticker.o(i.us_ticker_set_interrupt) referenced from mbed/TARGET_NUCLEO_F401RE/TOOLCHAIN_ARM_STD/mbed.ar(mbed_us_ticker_api.o)(.constdata)
</UL>
<P>
<H3>
Global Symbols
</H3>
<P><STRONG><a name="[d7]"></a>__main</STRONG> (Thumb, 8 bytes, Stack size 0 bytes, C:\Keil_v5\ARM\ARMCC\Bin\..\lib\armlib\c_w.l(__main.o)(!!!main))
<BR><BR>[Calls]<UL><LI><a href="#[da]">&gt;&gt;</a>&nbsp;&nbsp;&nbsp;__rt_entry
<LI><a href="#[d9]">&gt;&gt;</a>&nbsp;&nbsp;&nbsp;__scatterload
</UL>

<P><STRONG><a name="[d9]"></a>__scatterload</STRONG> (Thumb, 0 bytes, Stack size unknown bytes, C:\Keil_v5\ARM\ARMCC\Bin\..\lib\armlib\c_w.l(__scatter.o)(!!!scatter))
<BR><BR>[Called By]<UL><LI><a href="#[d7]">&gt;&gt;</a>&nbsp;&nbsp;&nbsp;__main
</UL>

<P><STRONG><a name="[db]"></a>__scatterload_rt2</STRONG> (Thumb, 44 bytes, Stack size unknown bytes, C:\Keil_v5\ARM\ARMCC\Bin\..\lib\armlib\c_w.l(__scatter.o)(!!!scatter), UNUSED)
<BR><BR>[Calls]<UL><LI><a href="#[da]">&gt;&gt;</a>&nbsp;&nbsp;&nbsp;__rt_entry
</UL>

<P><STRONG><a name="[2df]"></a>__scatterload_rt2_thumb_only</STRONG> (Thumb, 0 bytes, Stack size unknown bytes, C:\Keil_v5\ARM\ARMCC\Bin\..\lib\armlib\c_w.l(__scatter.o)(!!!scatter), UNUSED)

<P><STRONG><a name="[2e0]"></a>__scatterload_null</STRONG> (Thumb, 0 bytes, Stack size unknown bytes, C:\Keil_v5\ARM\ARMCC\Bin\..\lib\armlib\c_w.l(__scatter.o)(!!!scatter), UNUSED)

<P><STRONG><a name="[2e1]"></a>__decompress</STRONG> (Thumb, 90 bytes, Stack size unknown bytes, C:\Keil_v5\ARM\ARMCC\Bin\..\lib\armlib\c_w.l(__dczerorl2.o)(!!dczerorl2), UNUSED)

<P><STRONG><a name="[2e2]"></a>__decompress1</STRONG> (Thumb, 0 bytes, Stack size unknown bytes, C:\Keil_v5\ARM\ARMCC\Bin\..\lib\armlib\c_w.l(__dczerorl2.o)(!!dczerorl2), UNUSED)

<P><STRONG><a name="[2e3]"></a>__scatterload_zeroinit</STRONG> (Thumb, 28 bytes, Stack size unknown bytes, C:\Keil_v5\ARM\ARMCC\Bin\..\lib\armlib\c_w.l(__scatter_zi.o)(!!handler_zi), UNUSED)

<P><STRONG><a name="[dc]"></a>_printf_n</STRONG> (Thumb, 0 bytes, Stack size unknown bytes, C:\Keil_v5\ARM\ARMCC\Bin\..\lib\armlib\c_w.l(_printf_n.o)(.ARM.Collect$$_printf_percent$$00000001))
<BR><BR>[Calls]<UL><LI><a href="#[dd]">&gt;&gt;</a>&nbsp;&nbsp;&nbsp;_printf_charcount
</UL>

<P><STRONG><a name="[13d]"></a>_printf_percent</STRONG> (Thumb, 0 bytes, Stack size unknown bytes, C:\Keil_v5\ARM\ARMCC\Bin\..\lib\armlib\c_w.l(_printf_percent.o)(.ARM.Collect$$_printf_percent$$00000000))
<BR><BR>[Called By]<UL><LI><a href="#[135]">&gt;&gt;</a>&nbsp;&nbsp;&nbsp;__printf
</UL>

<P><STRONG><a name="[de]"></a>_printf_p</STRONG> (Thumb, 0 bytes, Stack size unknown bytes, C:\Keil_v5\ARM\ARMCC\Bin\..\lib\armlib\c_w.l(_printf_p.o)(.ARM.Collect$$_printf_percent$$00000002))
<BR><BR>[Stack]<UL><LI>Max Depth = 64 + Unknown Stack Size
<LI>Call Chain = _printf_p &rArr; _printf_hex_ptr &rArr; _printf_longlong_hex &rArr; _printf_int_common &rArr; _printf_post_padding
</UL>
<BR>[Calls]<UL><LI><a href="#[df]">&gt;&gt;</a>&nbsp;&nbsp;&nbsp;_printf_hex_ptr
</UL>

<P><STRONG><a name="[e0]"></a>_printf_f</STRONG> (Thumb, 0 bytes, Stack size unknown bytes, C:\Keil_v5\ARM\ARMCC\Bin\..\lib\armlib\c_w.l(_printf_f.o)(.ARM.Collect$$_printf_percent$$00000003))
<BR><BR>[Stack]<UL><LI>Max Depth = 324 + Unknown Stack Size
<LI>Call Chain = _printf_f &rArr; _printf_fp_dec &rArr; _printf_fp_dec_real &rArr; _fp_digits &rArr; _btod_etento &rArr; _btod_emul &rArr; _e2e
</UL>
<BR>[Calls]<UL><LI><a href="#[e1]">&gt;&gt;</a>&nbsp;&nbsp;&nbsp;_printf_fp_dec
</UL>

<P><STRONG><a name="[e2]"></a>_printf_e</STRONG> (Thumb, 0 bytes, Stack size unknown bytes, C:\Keil_v5\ARM\ARMCC\Bin\..\lib\armlib\c_w.l(_printf_e.o)(.ARM.Collect$$_printf_percent$$00000004))
<BR><BR>[Stack]<UL><LI>Max Depth = 324 + Unknown Stack Size
<LI>Call Chain = _printf_e &rArr; _printf_fp_dec &rArr; _printf_fp_dec_real &rArr; _fp_digits &rArr; _btod_etento &rArr; _btod_emul &rArr; _e2e
</UL>
<BR>[Calls]<UL><LI><a href="#[e1]">&gt;&gt;</a>&nbsp;&nbsp;&nbsp;_printf_fp_dec
</UL>

<P><STRONG><a name="[e3]"></a>_printf_g</STRONG> (Thumb, 0 bytes, Stack size unknown bytes, C:\Keil_v5\ARM\ARMCC\Bin\..\lib\armlib\c_w.l(_printf_g.o)(.ARM.Collect$$_printf_percent$$00000005))
<BR><BR>[Stack]<UL><LI>Max Depth = 324 + Unknown Stack Size
<LI>Call Chain = _printf_g &rArr; _printf_fp_dec &rArr; _printf_fp_dec_real &rArr; _fp_digits &rArr; _btod_etento &rArr; _btod_emul &rArr; _e2e
</UL>
<BR>[Calls]<UL><LI><a href="#[e1]">&gt;&gt;</a>&nbsp;&nbsp;&nbsp;_printf_fp_dec
</UL>

<P><STRONG><a name="[e4]"></a>_printf_a</STRONG> (Thumb, 0 bytes, Stack size unknown bytes, C:\Keil_v5\ARM\ARMCC\Bin\..\lib\armlib\c_w.l(_printf_a.o)(.ARM.Collect$$_printf_percent$$00000006))
<BR><BR>[Stack]<UL><LI>Max Depth = 112 + Unknown Stack Size
<LI>Call Chain = _printf_a &rArr; _printf_fp_hex &rArr; _printf_fp_hex_real &rArr; _printf_fp_infnan &rArr; _printf_post_padding
</UL>
<BR>[Calls]<UL><LI><a href="#[e5]">&gt;&gt;</a>&nbsp;&nbsp;&nbsp;_printf_fp_hex
</UL>

<P><STRONG><a name="[2e4]"></a>_printf_ll</STRONG> (Thumb, 0 bytes, Stack size unknown bytes, C:\Keil_v5\ARM\ARMCC\Bin\..\lib\armlib\c_w.l(_printf_ll.o)(.ARM.Collect$$_printf_percent$$00000007))

<P><STRONG><a name="[e6]"></a>_printf_i</STRONG> (Thumb, 0 bytes, Stack size unknown bytes, C:\Keil_v5\ARM\ARMCC\Bin\..\lib\armlib\c_w.l(_printf_i.o)(.ARM.Collect$$_printf_percent$$00000008))
<BR><BR>[Stack]<UL><LI>Max Depth = 72 + Unknown Stack Size
<LI>Call Chain = _printf_i &rArr; _printf_int_dec &rArr; _printf_int_common &rArr; _printf_post_padding
</UL>
<BR>[Calls]<UL><LI><a href="#[e7]">&gt;&gt;</a>&nbsp;&nbsp;&nbsp;_printf_int_dec
</UL>

<P><STRONG><a name="[e8]"></a>_printf_d</STRONG> (Thumb, 0 bytes, Stack size unknown bytes, C:\Keil_v5\ARM\ARMCC\Bin\..\lib\armlib\c_w.l(_printf_d.o)(.ARM.Collect$$_printf_percent$$00000009))
<BR><BR>[Stack]<UL><LI>Max Depth = 72 + Unknown Stack Size
<LI>Call Chain = _printf_d &rArr; _printf_int_dec &rArr; _printf_int_common &rArr; _printf_post_padding
</UL>
<BR>[Calls]<UL><LI><a href="#[e7]">&gt;&gt;</a>&nbsp;&nbsp;&nbsp;_printf_int_dec
</UL>

<P><STRONG><a name="[e9]"></a>_printf_u</STRONG> (Thumb, 0 bytes, Stack size unknown bytes, C:\Keil_v5\ARM\ARMCC\Bin\..\lib\armlib\c_w.l(_printf_u.o)(.ARM.Collect$$_printf_percent$$0000000A))
<BR><BR>[Stack]<UL><LI>Max Depth = 72 + Unknown Stack Size
<LI>Call Chain = _printf_u &rArr; _printf_int_dec &rArr; _printf_int_common &rArr; _printf_post_padding
</UL>
<BR>[Calls]<UL><LI><a href="#[e7]">&gt;&gt;</a>&nbsp;&nbsp;&nbsp;_printf_int_dec
</UL>

<P><STRONG><a name="[ea]"></a>_printf_o</STRONG> (Thumb, 0 bytes, Stack size unknown bytes, C:\Keil_v5\ARM\ARMCC\Bin\..\lib\armlib\c_w.l(_printf_o.o)(.ARM.Collect$$_printf_percent$$0000000B))
<BR><BR>[Stack]<UL><LI>Max Depth = 64 + Unknown Stack Size
<LI>Call Chain = _printf_o &rArr; _printf_int_oct &rArr; _printf_longlong_oct &rArr; _printf_int_common &rArr; _printf_post_padding
</UL>
<BR>[Calls]<UL><LI><a href="#[eb]">&gt;&gt;</a>&nbsp;&nbsp;&nbsp;_printf_int_oct
</UL>

<P><STRONG><a name="[ec]"></a>_printf_x</STRONG> (Thumb, 0 bytes, Stack size unknown bytes, C:\Keil_v5\ARM\ARMCC\Bin\..\lib\armlib\c_w.l(_printf_x.o)(.ARM.Collect$$_printf_percent$$0000000C))
<BR><BR>[Stack]<UL><LI>Max Depth = 80 + Unknown Stack Size
<LI>Call Chain = _printf_x &rArr; _printf_int_hex &rArr; _printf_longlong_hex &rArr; _printf_int_common &rArr; _printf_post_padding
</UL>
<BR>[Calls]<UL><LI><a href="#[ed]">&gt;&gt;</a>&nbsp;&nbsp;&nbsp;_printf_int_hex
</UL>

<P><STRONG><a name="[ee]"></a>_printf_lli</STRONG> (Thumb, 0 bytes, Stack size unknown bytes, C:\Keil_v5\ARM\ARMCC\Bin\..\lib\armlib\c_w.l(_printf_lli.o)(.ARM.Collect$$_printf_percent$$0000000D))
<BR><BR>[Stack]<UL><LI>Max Depth = 72 + Unknown Stack Size
<LI>Call Chain = _printf_lli &rArr; _printf_longlong_dec &rArr; _printf_int_common &rArr; _printf_post_padding
</UL>
<BR>[Calls]<UL><LI><a href="#[ef]">&gt;&gt;</a>&nbsp;&nbsp;&nbsp;_printf_longlong_dec
</UL>

<P><STRONG><a name="[f0]"></a>_printf_lld</STRONG> (Thumb, 0 bytes, Stack size unknown bytes, C:\Keil_v5\ARM\ARMCC\Bin\..\lib\armlib\c_w.l(_printf_lld.o)(.ARM.Collect$$_printf_percent$$0000000E))
<BR><BR>[Stack]<UL><LI>Max Depth = 72 + Unknown Stack Size
<LI>Call Chain = _printf_lld &rArr; _printf_longlong_dec &rArr; _printf_int_common &rArr; _printf_post_padding
</UL>
<BR>[Calls]<UL><LI><a href="#[ef]">&gt;&gt;</a>&nbsp;&nbsp;&nbsp;_printf_longlong_dec
</UL>

<P><STRONG><a name="[f1]"></a>_printf_llu</STRONG> (Thumb, 0 bytes, Stack size unknown bytes, C:\Keil_v5\ARM\ARMCC\Bin\..\lib\armlib\c_w.l(_printf_llu.o)(.ARM.Collect$$_printf_percent$$0000000F))
<BR><BR>[Stack]<UL><LI>Max Depth = 72 + Unknown Stack Size
<LI>Call Chain = _printf_llu &rArr; _printf_longlong_dec &rArr; _printf_int_common &rArr; _printf_post_padding
</UL>
<BR>[Calls]<UL><LI><a href="#[ef]">&gt;&gt;</a>&nbsp;&nbsp;&nbsp;_printf_longlong_dec
</UL>

<P><STRONG><a name="[f2]"></a>_printf_llo</STRONG> (Thumb, 0 bytes, Stack size unknown bytes, C:\Keil_v5\ARM\ARMCC\Bin\..\lib\armlib\c_w.l(_printf_llo.o)(.ARM.Collect$$_printf_percent$$00000010))
<BR><BR>[Stack]<UL><LI>Max Depth = 56 + Unknown Stack Size
<LI>Call Chain = _printf_llo &rArr; _printf_ll_oct &rArr; _printf_longlong_oct &rArr; _printf_int_common &rArr; _printf_post_padding
</UL>
<BR>[Calls]<UL><LI><a href="#[f3]">&gt;&gt;</a>&nbsp;&nbsp;&nbsp;_printf_ll_oct
</UL>

<P><STRONG><a name="[f4]"></a>_printf_llx</STRONG> (Thumb, 0 bytes, Stack size unknown bytes, C:\Keil_v5\ARM\ARMCC\Bin\..\lib\armlib\c_w.l(_printf_llx.o)(.ARM.Collect$$_printf_percent$$00000011))
<BR><BR>[Stack]<UL><LI>Max Depth = 64 + Unknown Stack Size
<LI>Call Chain = _printf_llx &rArr; _printf_ll_hex &rArr; _printf_longlong_hex &rArr; _printf_int_common &rArr; _printf_post_padding
</UL>
<BR>[Calls]<UL><LI><a href="#[f5]">&gt;&gt;</a>&nbsp;&nbsp;&nbsp;_printf_ll_hex
</UL>

<P><STRONG><a name="[2e5]"></a>_printf_l</STRONG> (Thumb, 0 bytes, Stack size unknown bytes, C:\Keil_v5\ARM\ARMCC\Bin\..\lib\armlib\c_w.l(_printf_l.o)(.ARM.Collect$$_printf_percent$$00000012))

<P><STRONG><a name="[f6]"></a>_printf_c</STRONG> (Thumb, 0 bytes, Stack size unknown bytes, C:\Keil_v5\ARM\ARMCC\Bin\..\lib\armlib\c_w.l(_printf_c.o)(.ARM.Collect$$_printf_percent$$00000013))
<BR><BR>[Stack]<UL><LI>Max Depth = 40 + Unknown Stack Size
<LI>Call Chain = _printf_c &rArr; _printf_char &rArr; _printf_cs_common &rArr; _printf_str &rArr; _printf_post_padding
</UL>
<BR>[Calls]<UL><LI><a href="#[f7]">&gt;&gt;</a>&nbsp;&nbsp;&nbsp;_printf_char
</UL>

<P><STRONG><a name="[f8]"></a>_printf_s</STRONG> (Thumb, 0 bytes, Stack size unknown bytes, C:\Keil_v5\ARM\ARMCC\Bin\..\lib\armlib\c_w.l(_printf_s.o)(.ARM.Collect$$_printf_percent$$00000014))
<BR><BR>[Stack]<UL><LI>Max Depth = 40 + Unknown Stack Size
<LI>Call Chain = _printf_s &rArr; _printf_string &rArr; _printf_cs_common &rArr; _printf_str &rArr; _printf_post_padding
</UL>
<BR>[Calls]<UL><LI><a href="#[f9]">&gt;&gt;</a>&nbsp;&nbsp;&nbsp;_printf_string
</UL>

<P><STRONG><a name="[fa]"></a>_printf_lc</STRONG> (Thumb, 0 bytes, Stack size unknown bytes, C:\Keil_v5\ARM\ARMCC\Bin\..\lib\armlib\c_w.l(_printf_lc.o)(.ARM.Collect$$_printf_percent$$00000015))
<BR><BR>[Stack]<UL><LI>Max Depth = 88 + Unknown Stack Size
<LI>Call Chain = _printf_lc &rArr; _printf_wchar &rArr; _printf_lcs_common &rArr; _printf_wctomb &rArr; _wcrtomb &rArr; __rt_ctype_table
</UL>
<BR>[Calls]<UL><LI><a href="#[fb]">&gt;&gt;</a>&nbsp;&nbsp;&nbsp;_printf_wchar
</UL>

<P><STRONG><a name="[fc]"></a>_printf_ls</STRONG> (Thumb, 0 bytes, Stack size unknown bytes, C:\Keil_v5\ARM\ARMCC\Bin\..\lib\armlib\c_w.l(_printf_ls.o)(.ARM.Collect$$_printf_percent$$00000016))
<BR><BR>[Stack]<UL><LI>Max Depth = 88 + Unknown Stack Size
<LI>Call Chain = _printf_ls &rArr; _printf_wstring &rArr; _printf_lcs_common &rArr; _printf_wctomb &rArr; _wcrtomb &rArr; __rt_ctype_table
</UL>
<BR>[Calls]<UL><LI><a href="#[fd]">&gt;&gt;</a>&nbsp;&nbsp;&nbsp;_printf_wstring
</UL>

<P><STRONG><a name="[2e6]"></a>_printf_percent_end</STRONG> (Thumb, 0 bytes, Stack size unknown bytes, C:\Keil_v5\ARM\ARMCC\Bin\..\lib\armlib\c_w.l(_printf_percent_end.o)(.ARM.Collect$$_printf_percent$$00000017))

<P><STRONG><a name="[10f]"></a>__rt_lib_init</STRONG> (Thumb, 0 bytes, Stack size unknown bytes, C:\Keil_v5\ARM\ARMCC\Bin\..\lib\armlib\c_w.l(libinit.o)(.ARM.Collect$$libinit$$00000000))
<BR><BR>[Called By]<UL><LI><a href="#[10e]">&gt;&gt;</a>&nbsp;&nbsp;&nbsp;__rt_entry_li
</UL>

<P><STRONG><a name="[fe]"></a>__rt_lib_init_fp_1</STRONG> (Thumb, 0 bytes, Stack size unknown bytes, C:\Keil_v5\ARM\ARMCC\Bin\..\lib\armlib\c_w.l(libinit2.o)(.ARM.Collect$$libinit$$00000001))
<BR><BR>[Calls]<UL><LI><a href="#[ff]">&gt;&gt;</a>&nbsp;&nbsp;&nbsp;_fp_init
</UL>

<P><STRONG><a name="[100]"></a>__rt_lib_init_heap_2</STRONG> (Thumb, 0 bytes, Stack size unknown bytes, C:\Keil_v5\ARM\ARMCC\Bin\..\lib\armlib\c_w.l(libinit2.o)(.ARM.Collect$$libinit$$00000005))
<BR><BR>[Stack]<UL><LI>Max Depth = 64 + Unknown Stack Size
<LI>Call Chain = __rt_lib_init_heap_2 &rArr; _init_alloc &rArr; __rt_SIGRTMEM &rArr; __rt_SIGRTMEM_inner &rArr; __default_signal_display &rArr; _ttywrch
</UL>
<BR>[Calls]<UL><LI><a href="#[101]">&gt;&gt;</a>&nbsp;&nbsp;&nbsp;_init_alloc
</UL>

<P><STRONG><a name="[2e7]"></a>__rt_lib_init_preinit_1</STRONG> (Thumb, 0 bytes, Stack size unknown bytes, C:\Keil_v5\ARM\ARMCC\Bin\..\lib\armlib\c_w.l(libinit2.o)(.ARM.Collect$$libinit$$00000004))

<P><STRONG><a name="[2e8]"></a>__rt_lib_init_heap_1</STRONG> (Thumb, 0 bytes, Stack size unknown bytes, C:\Keil_v5\ARM\ARMCC\Bin\..\lib\armlib\c_w.l(libinit2.o)(.ARM.Collect$$libinit$$0000000A))

<P><STRONG><a name="[102]"></a>__rt_lib_init_lc_common</STRONG> (Thumb, 0 bytes, Stack size unknown bytes, C:\Keil_v5\ARM\ARMCC\Bin\..\lib\armlib\c_w.l(libinit2.o)(.ARM.Collect$$libinit$$0000000F))
<BR><BR>[Calls]<UL><LI><a href="#[103]">&gt;&gt;</a>&nbsp;&nbsp;&nbsp;__rt_locale
</UL>

<P><STRONG><a name="[2e9]"></a>__rt_lib_init_rand_1</STRONG> (Thumb, 0 bytes, Stack size unknown bytes, C:\Keil_v5\ARM\ARMCC\Bin\..\lib\armlib\c_w.l(libinit2.o)(.ARM.Collect$$libinit$$0000000E))

<P><STRONG><a name="[2ea]"></a>__rt_lib_init_user_alloc_1</STRONG> (Thumb, 0 bytes, Stack size unknown bytes, C:\Keil_v5\ARM\ARMCC\Bin\..\lib\armlib\c_w.l(libinit2.o)(.ARM.Collect$$libinit$$0000000C))

<P><STRONG><a name="[2eb]"></a>__rt_lib_init_lc_collate_1</STRONG> (Thumb, 0 bytes, Stack size unknown bytes, C:\Keil_v5\ARM\ARMCC\Bin\..\lib\armlib\c_w.l(libinit2.o)(.ARM.Collect$$libinit$$00000011))

<P><STRONG><a name="[104]"></a>__rt_lib_init_lc_ctype_2</STRONG> (Thumb, 0 bytes, Stack size unknown bytes, C:\Keil_v5\ARM\ARMCC\Bin\..\lib\armlib\c_w.l(libinit2.o)(.ARM.Collect$$libinit$$00000012))
<BR><BR>[Stack]<UL><LI>Max Depth = 8 + Unknown Stack Size
<LI>Call Chain = __rt_lib_init_lc_ctype_2 &rArr; _get_lc_ctype
</UL>
<BR>[Calls]<UL><LI><a href="#[69]">&gt;&gt;</a>&nbsp;&nbsp;&nbsp;_get_lc_ctype
</UL>

<P><STRONG><a name="[2ec]"></a>__rt_lib_init_lc_ctype_1</STRONG> (Thumb, 0 bytes, Stack size unknown bytes, C:\Keil_v5\ARM\ARMCC\Bin\..\lib\armlib\c_w.l(libinit2.o)(.ARM.Collect$$libinit$$00000013))

<P><STRONG><a name="[2ed]"></a>__rt_lib_init_lc_monetary_1</STRONG> (Thumb, 0 bytes, Stack size unknown bytes, C:\Keil_v5\ARM\ARMCC\Bin\..\lib\armlib\c_w.l(libinit2.o)(.ARM.Collect$$libinit$$00000015))

<P><STRONG><a name="[105]"></a>__rt_lib_init_lc_numeric_2</STRONG> (Thumb, 0 bytes, Stack size unknown bytes, C:\Keil_v5\ARM\ARMCC\Bin\..\lib\armlib\c_w.l(libinit2.o)(.ARM.Collect$$libinit$$00000016))
<BR><BR>[Stack]<UL><LI>Max Depth = 8 + Unknown Stack Size
<LI>Call Chain = __rt_lib_init_lc_numeric_2 &rArr; _get_lc_numeric
</UL>
<BR>[Calls]<UL><LI><a href="#[106]">&gt;&gt;</a>&nbsp;&nbsp;&nbsp;_get_lc_numeric
</UL>

<P><STRONG><a name="[2ee]"></a>__rt_lib_init_atexit_1</STRONG> (Thumb, 0 bytes, Stack size unknown bytes, C:\Keil_v5\ARM\ARMCC\Bin\..\lib\armlib\c_w.l(libinit2.o)(.ARM.Collect$$libinit$$0000001B))

<P><STRONG><a name="[2ef]"></a>__rt_lib_init_clock_1</STRONG> (Thumb, 0 bytes, Stack size unknown bytes, C:\Keil_v5\ARM\ARMCC\Bin\..\lib\armlib\c_w.l(libinit2.o)(.ARM.Collect$$libinit$$00000021))

<P><STRONG><a name="[2f0]"></a>__rt_lib_init_fp_trap_1</STRONG> (Thumb, 0 bytes, Stack size unknown bytes, C:\Keil_v5\ARM\ARMCC\Bin\..\lib\armlib\c_w.l(libinit2.o)(.ARM.Collect$$libinit$$0000001F))

<P><STRONG><a name="[2f1]"></a>__rt_lib_init_getenv_1</STRONG> (Thumb, 0 bytes, Stack size unknown bytes, C:\Keil_v5\ARM\ARMCC\Bin\..\lib\armlib\c_w.l(libinit2.o)(.ARM.Collect$$libinit$$00000023))

<P><STRONG><a name="[2f2]"></a>__rt_lib_init_lc_numeric_1</STRONG> (Thumb, 0 bytes, Stack size unknown bytes, C:\Keil_v5\ARM\ARMCC\Bin\..\lib\armlib\c_w.l(libinit2.o)(.ARM.Collect$$libinit$$00000017))

<P><STRONG><a name="[2f3]"></a>__rt_lib_init_lc_time_1</STRONG> (Thumb, 0 bytes, Stack size unknown bytes, C:\Keil_v5\ARM\ARMCC\Bin\..\lib\armlib\c_w.l(libinit2.o)(.ARM.Collect$$libinit$$00000019))

<P><STRONG><a name="[2f4]"></a>__rt_lib_init_signal_1</STRONG> (Thumb, 0 bytes, Stack size unknown bytes, C:\Keil_v5\ARM\ARMCC\Bin\..\lib\armlib\c_w.l(libinit2.o)(.ARM.Collect$$libinit$$0000001D))

<P><STRONG><a name="[107]"></a>__rt_lib_init_stdio_2</STRONG> (Thumb, 0 bytes, Stack size unknown bytes, C:\Keil_v5\ARM\ARMCC\Bin\..\lib\armlib\c_w.l(libinit2.o)(.ARM.Collect$$libinit$$00000024))
<BR><BR>[Stack]<UL><LI>Max Depth = 840 + Unknown Stack Size
<LI>Call Chain = __rt_lib_init_stdio_2 &rArr; _initio &rArr; freopen &rArr; _sys_open &rArr; open &rArr; mbed::FilePath::FilePath(const char*) &rArr; mbed::FileBase::lookup(const char*, unsigned) &rArr; SingletonPtr&lang;PlatformMutex&rang;::operator -&rang;() &rArr; mbed_assert_internal &rArr; mbed_die &rArr; gpio_init_out &rArr; gpio_init &rArr; pin_function &rArr;  mbed_assert_internal (Cycle)
</UL>
<BR>[Calls]<UL><LI><a href="#[108]">&gt;&gt;</a>&nbsp;&nbsp;&nbsp;_initio
</UL>

<P><STRONG><a name="[2f5]"></a>__rt_lib_init_alloca_1</STRONG> (Thumb, 0 bytes, Stack size unknown bytes, C:\Keil_v5\ARM\ARMCC\Bin\..\lib\armlib\c_w.l(libinit2.o)(.ARM.Collect$$libinit$$0000002E))

<P><STRONG><a name="[2f6]"></a>__rt_lib_init_argv_1</STRONG> (Thumb, 0 bytes, Stack size unknown bytes, C:\Keil_v5\ARM\ARMCC\Bin\..\lib\armlib\c_w.l(libinit2.o)(.ARM.Collect$$libinit$$0000002C))

<P><STRONG><a name="[109]"></a>__rt_lib_init_cpp_2</STRONG> (Thumb, 0 bytes, Stack size unknown bytes, C:\Keil_v5\ARM\ARMCC\Bin\..\lib\armlib\c_w.l(libinit2.o)(.ARM.Collect$$libinit$$00000031))
<BR><BR>[Stack]<UL><LI>Max Depth = 16 + Unknown Stack Size
<LI>Call Chain = __rt_lib_init_cpp_2 &rArr; __cpp_initialize__aeabi_
</UL>
<BR>[Calls]<UL><LI><a href="#[d8]">&gt;&gt;</a>&nbsp;&nbsp;&nbsp;__cpp_initialize__aeabi_
</UL>

<P><STRONG><a name="[2f7]"></a>__rt_lib_init_exceptions_1</STRONG> (Thumb, 0 bytes, Stack size unknown bytes, C:\Keil_v5\ARM\ARMCC\Bin\..\lib\armlib\c_w.l(libinit2.o)(.ARM.Collect$$libinit$$00000030))

<P><STRONG><a name="[2f8]"></a>__rt_lib_init_stdio_1</STRONG> (Thumb, 0 bytes, Stack size unknown bytes, C:\Keil_v5\ARM\ARMCC\Bin\..\lib\armlib\c_w.l(libinit2.o)(.ARM.Collect$$libinit$$00000025))

<P><STRONG><a name="[2f9]"></a>__rt_lib_init_cpp_1</STRONG> (Thumb, 0 bytes, Stack size unknown bytes, C:\Keil_v5\ARM\ARMCC\Bin\..\lib\armlib\c_w.l(libinit2.o)(.ARM.Collect$$libinit$$00000032))

[...]
<BR><BR>[Stack]<UL><LI>Max Depth = 24<LI>Call Chain = uart2_irq &rArr; uart_irq
</UL>
<BR>[Calls]<UL><LI><a href="#[2ba]">&gt;&gt;</a>&nbsp;&nbsp;&nbsp;uart_irq
</UL>
<BR>[Address Reference Count : 1]<UL><LI> serial_device.o(i.serial_irq_set)
</UL>
<P><STRONG><a name="[8c]"></a>uart6_irq</STRONG> (Thumb, 6 bytes, Stack size 0 bytes, mbed/TARGET_NUCLEO_F401RE/TOOLCHAIN_ARM_STD/serial_device.o(i.uart6_irq))
<BR><BR>[Stack]<UL><LI>Max Depth = 24<LI>Call Chain = uart6_irq &rArr; uart_irq
</UL>
<BR>[Calls]<UL><LI><a href="#[2ba]">&gt;&gt;</a>&nbsp;&nbsp;&nbsp;uart_irq
</UL>
<BR>[Address Reference Count : 1]<UL><LI> serial_device.o(i.serial_irq_set)
</UL>
<P><STRONG><a name="[2ba]"></a>uart_irq</STRONG> (Thumb, 108 bytes, Stack size 24 bytes, mbed/TARGET_NUCLEO_F401RE/TOOLCHAIN_ARM_STD/serial_device.o(i.uart_irq))
<BR><BR>[Stack]<UL><LI>Max Depth = 24<LI>Call Chain = uart_irq
</UL>
<BR>[Calls]<UL><LI><a href="#[2bb]">&gt;&gt;</a>&nbsp;&nbsp;&nbsp;get_uart_index
</UL>
<BR>[Called By]<UL><LI><a href="#[8c]">&gt;&gt;</a>&nbsp;&nbsp;&nbsp;uart6_irq
<LI><a href="#[8a]">&gt;&gt;</a>&nbsp;&nbsp;&nbsp;uart2_irq
<LI><a href="#[8b]">&gt;&gt;</a>&nbsp;&nbsp;&nbsp;uart1_irq
</UL>

<P><STRONG><a name="[6e]"></a>I2C_DMAAbort</STRONG> (Thumb, 78 bytes, Stack size 8 bytes, mbed/TARGET_NUCLEO_F401RE/TOOLCHAIN_ARM_STD/stm32f4xx_hal_i2c.o(i.I2C_DMAAbort))
<BR><BR>[Stack]<UL><LI>Max Depth = 768 + Unknown Stack Size
<LI>Call Chain = I2C_DMAAbort &rArr; HAL_I2C_ErrorCallback &rArr; i2c_init &rArr; mbed_assert_internal &rArr; mbed_die &rArr; gpio_init_out &rArr; gpio_init &rArr; pin_function &rArr;  mbed_assert_internal (Cycle)
</UL>
<BR>[Calls]<UL><LI><a href="#[1aa]">&gt;&gt;</a>&nbsp;&nbsp;&nbsp;HAL_I2C_ErrorCallback
<LI><a href="#[19d]">&gt;&gt;</a>&nbsp;&nbsp;&nbsp;HAL_I2C_AbortCpltCallback
</UL>
<BR>[Address Reference Count : 1]<UL><LI> stm32f4xx_hal_i2c.o(i.I2C_ITError)
</UL>
<P><STRONG><a name="[1a2]"></a>I2C_ITError</STRONG> (Thumb, 300 bytes, Stack size 16 bytes, mbed/TARGET_NUCLEO_F401RE/TOOLCHAIN_ARM_STD/stm32f4xx_hal_i2c.o(i.I2C_ITError))
<BR><BR>[Stack]<UL><LI>Max Depth = 776 + Unknown Stack Size
<LI>Call Chain = I2C_ITError &rArr; HAL_I2C_ErrorCallback &rArr; i2c_init &rArr; mbed_assert_internal &rArr; mbed_die &rArr; gpio_init_out &rArr; gpio_init &rArr; pin_function &rArr;  mbed_assert_internal (Cycle)
</UL>
<BR>[Calls]<UL><LI><a href="#[1a0]">&gt;&gt;</a>&nbsp;&nbsp;&nbsp;HAL_I2C_ListenCpltCallback
<LI><a href="#[1aa]">&gt;&gt;</a>&nbsp;&nbsp;&nbsp;HAL_I2C_ErrorCallback
<LI><a href="#[19d]">&gt;&gt;</a>&nbsp;&nbsp;&nbsp;HAL_I2C_AbortCpltCallback
<LI><a href="#[1c1]">&gt;&gt;</a>&nbsp;&nbsp;&nbsp;HAL_DMA_Abort_IT
</UL>
<BR>[Called By]<UL><LI><a href="#[1a3]">&gt;&gt;</a>&nbsp;&nbsp;&nbsp;HAL_I2C_EV_IRQHandler
<LI><a href="#[19f]">&gt;&gt;</a>&nbsp;&nbsp;&nbsp;HAL_I2C_ER_IRQHandler
</UL>

<P><STRONG><a name="[6d]"></a>UART_DMAAbortOnError</STRONG> (Thumb, 16 bytes, Stack size 8 bytes, mbed/TARGET_NUCLEO_F401RE/TOOLCHAIN_ARM_STD/stm32f4xx_hal_uart.o(i.UART_DMAAbortOnError))
<BR><BR>[Stack]<UL><LI>Max Depth = 12<LI>Call Chain = UART_DMAAbortOnError &rArr; HAL_UART_ErrorCallback
</UL>
<BR>[Calls]<UL><LI><a href="#[1c2]">&gt;&gt;</a>&nbsp;&nbsp;&nbsp;HAL_UART_ErrorCallback
</UL>
<BR>[Address Reference Count : 1]<UL><LI> stm32f4xx_hal_uart.o(i.HAL_UART_IRQHandler)
</UL>
<P><STRONG><a name="[1c6]"></a>UART_SetConfig</STRONG> (Thumb, 822 bytes, Stack size 24 bytes, mbed/TARGET_NUCLEO_F401RE/TOOLCHAIN_ARM_STD/stm32f4xx_hal_uart.o(i.UART_SetConfig))
<BR><BR>[Stack]<UL><LI>Max Depth = 24<LI>Call Chain = UART_SetConfig
</UL>
<BR>[Calls]<UL><LI><a href="#[1ca]">&gt;&gt;</a>&nbsp;&nbsp;&nbsp;HAL_RCC_GetPCLK2Freq
<LI><a href="#[1b0]">&gt;&gt;</a>&nbsp;&nbsp;&nbsp;HAL_RCC_GetPCLK1Freq
</UL>
<BR>[Called By]<UL><LI><a href="#[1c4]">&gt;&gt;</a>&nbsp;&nbsp;&nbsp;HAL_UART_Init
</UL>

<P><STRONG><a name="[d3]"></a>__sti___8_main_cpp_greenLed</STRONG> (Thumb, 362 bytes, Stack size 40 bytes, .\build\main.o(i.__sti___8_main_cpp_greenLed))
<BR><BR>[Stack]<UL><LI>Max Depth = 1000 + Unknown Stack Size
<LI>Call Chain = __sti___8_main_cpp_greenLed &rArr; Adafruit_SSD1306::Adafruit_SSD1306__sub_object(PinName, unsigned char, unsigned char) &rArr; Adafruit_GFX::Adafruit_GFX__sub_object(short, short) &rArr; mbed::Stream::Stream__sub_object(const char*) &rArr; mbed::fdopen(mbed::FileHandle*, const char*) &rArr; fopen &rArr; freopen &rArr; _sys_open &rArr; open &rArr; mbed::FilePath::FilePath(const char*) &rArr; mbed::FileBase::lookup(const char*, unsigned) &rArr; SingletonPtr&lang;PlatformMutex&rang;::operator -&rang;() &rArr; mbed_assert_internal &rArr; mbed_die &rArr; gpio_init_out &rArr; gpio_init &rArr; pin_function &rArr;  mbed_assert_internal (Cycle)
</UL>
<BR>[Calls]<UL><LI><a href="#[1f2]">&gt;&gt;</a>&nbsp;&nbsp;&nbsp;__aeabi_atexit
<LI><a href="#[263]">&gt;&gt;</a>&nbsp;&nbsp;&nbsp;Motor::Motor(PinName, PinName)
<LI><a href="#[260]">&gt;&gt;</a>&nbsp;&nbsp;&nbsp;DHT22::DHT22(PinName)
<LI><a href="#[247]">&gt;&gt;</a>&nbsp;&nbsp;&nbsp;mbed::Serial::Serial(PinName, PinName, const char*, int)
<LI><a href="#[23d]">&gt;&gt;</a>&nbsp;&nbsp;&nbsp;mbed::I2C::I2C(PinName, PinName)
<LI><a href="#[1cc]">&gt;&gt;</a>&nbsp;&nbsp;&nbsp;Adafruit_SSD1306::display()
<LI><a href="#[ad]">&gt;&gt;</a>&nbsp;&nbsp;&nbsp;Adafruit_SSD1306::splash()
<LI><a href="#[1ff]">&gt;&gt;</a>&nbsp;&nbsp;&nbsp;Adafruit_SSD1306::begin(unsigned char)
<LI><a href="#[25d]">&gt;&gt;</a>&nbsp;&nbsp;&nbsp;mbed::DigitalIn::DigitalIn(PinName)
<LI><a href="#[252]">&gt;&gt;</a>&nbsp;&nbsp;&nbsp;mbed::AnalogIn::AnalogIn(PinName)
<LI><a href="#[250]">&gt;&gt;</a>&nbsp;&nbsp;&nbsp;mbed::Ticker::Ticker()
<LI><a href="#[205]">&gt;&gt;</a>&nbsp;&nbsp;&nbsp;mbed::DigitalOut::DigitalOut(PinName)
<LI><a href="#[204]">&gt;&gt;</a>&nbsp;&nbsp;&nbsp;Adafruit_SSD1306::Adafruit_SSD1306__sub_object(PinName, unsigned char, unsigned char)
</UL>
<BR>[Address Reference Count : 1]<UL><LI> main.o(.init_array)
</UL>
<P><STRONG><a name="[1f8]"></a>swap(short&, short&)</STRONG> (Thumb, 12 bytes, Stack size 0 bytes, .\build\adafruit_gfx.o(i._Z4swapRsS_))
<BR><BR>[Called By]<UL><LI><a href="#[a3]">&gt;&gt;</a>&nbsp;&nbsp;&nbsp;Adafruit_GFX::drawLine(short, short, short, short, unsigned short)
</UL>

<P><STRONG><a name="[202]"></a>swap(short&, short&)</STRONG> (Thumb, 12 bytes, Stack size 0 bytes, .\build\adafruit_ssd1306.o(i._Z4swapRsS_))
<BR><BR>[Called By]<UL><LI><a href="#[ac]">&gt;&gt;</a>&nbsp;&nbsp;&nbsp;Adafruit_SSD1306::drawPixel(short, short, unsigned short)
</UL>

<P><STRONG><a name="[75]"></a>&lang;Func3&rang;</STRONG> (Thumb, 12 bytes, Stack size 0 bytes, mbed/TARGET_NUCLEO_F401RE/TOOLCHAIN_ARM_STD/mbed.ar(SerialBase.o)(i.<Func3>))
<BR>[Address Reference Count : 1]<UL><LI> SerialBase.o(i._ZN4mbed10SerialBaseC1E7PinNameS1_i)
</UL>
<P><STRONG><a name="[2aa]"></a>initialize</STRONG> (Thumb, 256 bytes, Stack size 40 bytes, mbed/TARGET_NUCLEO_F401RE/TOOLCHAIN_ARM_STD/mbed.ar(mbed_ticker_api.o)(i.initialize))
<BR><BR>[Stack]<UL><LI>Max Depth = 768 + Unknown Stack Size
<LI>Call Chain = initialize &rArr; schedule_interrupt &rArr; mbed_assert_internal &rArr; mbed_die &rArr; gpio_init_out &rArr; gpio_init &rArr; pin_function &rArr;  mbed_assert_internal (Cycle)
</UL>
<BR>[Calls]<UL><LI><a href="#[1df]">&gt;&gt;</a>&nbsp;&nbsp;&nbsp;mbed_assert_internal
<LI><a href="#[188]">&gt;&gt;</a>&nbsp;&nbsp;&nbsp;__aeabi_llsl
<LI><a href="#[19c]">&gt;&gt;</a>&nbsp;&nbsp;&nbsp;__aeabi_uldivmod
<LI><a href="#[2ab]">&gt;&gt;</a>&nbsp;&nbsp;&nbsp;update_present_time
<LI><a href="#[2ac]">&gt;&gt;</a>&nbsp;&nbsp;&nbsp;schedule_interrupt
</UL>
<BR>[Called By]<UL><LI><a href="#[2b8]">&gt;&gt;</a>&nbsp;&nbsp;&nbsp;ticker_read
<LI><a href="#[19b]">&gt;&gt;</a>&nbsp;&nbsp;&nbsp;ticker_read_us
<LI><a href="#[233]">&gt;&gt;</a>&nbsp;&nbsp;&nbsp;ticker_set_handler
</UL>

<P><STRONG><a name="[2ac]"></a>schedule_interrupt</STRONG> (Thumb, 290 bytes, Stack size 32 bytes, mbed/TARGET_NUCLEO_F401RE/TOOLCHAIN_ARM_STD/mbed.ar(mbed_ticker_api.o)(i.schedule_interrupt))
<BR><BR>[Stack]<UL><LI>Max Depth = 728 + Unknown Stack Size
<LI>Call Chain = schedule_interrupt &rArr; mbed_assert_internal &rArr; mbed_die &rArr; gpio_init_out &rArr; gpio_init &rArr; pin_function &rArr;  mbed_assert_internal (Cycle)
</UL>
<BR>[Calls]<UL><LI><a href="#[1df]">&gt;&gt;</a>&nbsp;&nbsp;&nbsp;mbed_assert_internal
<LI><a href="#[188]">&gt;&gt;</a>&nbsp;&nbsp;&nbsp;__aeabi_llsl
<LI><a href="#[19c]">&gt;&gt;</a>&nbsp;&nbsp;&nbsp;__aeabi_uldivmod
<LI><a href="#[2ab]">&gt;&gt;</a>&nbsp;&nbsp;&nbsp;update_present_time
</UL>
<BR>[Called By]<UL><LI><a href="#[2aa]">&gt;&gt;</a>&nbsp;&nbsp;&nbsp;initialize
<LI><a href="#[1b]">&gt;&gt;</a>&nbsp;&nbsp;&nbsp;ticker_irq_handler
<LI><a href="#[231]">&gt;&gt;</a>&nbsp;&nbsp;&nbsp;ticker_remove_event
<LI><a href="#[22f]">&gt;&gt;</a>&nbsp;&nbsp;&nbsp;ticker_insert_event_us
</UL>

<P><STRONG><a name="[2ab]"></a>update_present_time</STRONG> (Thumb, 264 bytes, Stack size 40 bytes, mbed/TARGET_NUCLEO_F401RE/TOOLCHAIN_ARM_STD/mbed.ar(mbed_ticker_api.o)(i.update_present_time))
<BR><BR>[Stack]<UL><LI>Max Depth = 88<LI>Call Chain = update_present_time &rArr; __aeabi_uldivmod
</UL>
<BR>[Calls]<UL><LI><a href="#[2bc]">&gt;&gt;</a>&nbsp;&nbsp;&nbsp;__aeabi_llsr
<LI><a href="#[188]">&gt;&gt;</a>&nbsp;&nbsp;&nbsp;__aeabi_llsl
<LI><a href="#[19c]">&gt;&gt;</a>&nbsp;&nbsp;&nbsp;__aeabi_uldivmod
</UL>
<BR>[Called By]<UL><LI><a href="#[2b8]">&gt;&gt;</a>&nbsp;&nbsp;&nbsp;ticker_read
<LI><a href="#[19b]">&gt;&gt;</a>&nbsp;&nbsp;&nbsp;ticker_read_us
<LI><a href="#[2ac]">&gt;&gt;</a>&nbsp;&nbsp;&nbsp;schedule_interrupt
<LI><a href="#[2aa]">&gt;&gt;</a>&nbsp;&nbsp;&nbsp;initialize
<LI><a href="#[1b]">&gt;&gt;</a>&nbsp;&nbsp;&nbsp;ticker_irq_handler
<LI><a href="#[22f]">&gt;&gt;</a>&nbsp;&nbsp;&nbsp;ticker_insert_event_us
</UL>

<P><STRONG><a name="[29b]"></a>handle_error</STRONG> (Thumb, 126 bytes, Stack size 40 bytes, mbed/TARGET_NUCLEO_F401RE/TOOLCHAIN_ARM_STD/mbed.ar(mbed_error.o)(i.handle_error))
<BR><BR>[Stack]<UL><LI>Max Depth = 48 + In Cycle
<LI>Call Chain = handle_error &rArr;  core_util_critical_section_exit (Cycle)
</UL>
<BR>[Calls]<UL><LI><a href="#[22c]">&gt;&gt;</a>&nbsp;&nbsp;&nbsp;core_util_critical_section_exit
<LI><a href="#[229]">&gt;&gt;</a>&nbsp;&nbsp;&nbsp;core_util_critical_section_enter
</UL>
<BR>[Called By]<UL><LI><a href="#[24a]">&gt;&gt;</a>&nbsp;&nbsp;&nbsp;mbed_error
<LI><a href="#[1c8]">&gt;&gt;</a>&nbsp;&nbsp;&nbsp;error
</UL>

<P><STRONG><a name="[29c]"></a>print_error_report</STRONG> (Thumb, 166 bytes, Stack size 24 bytes, mbed/TARGET_NUCLEO_F401RE/TOOLCHAIN_ARM_STD/mbed.ar(mbed_error.o)(i.print_error_report))
<BR><BR>[Stack]<UL><LI>Max Depth = 312 + Unknown Stack Size
<LI>Call Chain = print_error_report &rArr; mbed_error_printf &rArr;  serial_init (Cycle)
</UL>
<BR>[Calls]<UL><LI><a href="#[2ad]">&gt;&gt;</a>&nbsp;&nbsp;&nbsp;mbed_error_printf
</UL>
<BR>[Called By]<UL><LI><a href="#[24a]">&gt;&gt;</a>&nbsp;&nbsp;&nbsp;mbed_error
<LI><a href="#[1c8]">&gt;&gt;</a>&nbsp;&nbsp;&nbsp;error
</UL>

<P><STRONG><a name="[62]"></a>_printf_input_char</STRONG> (Thumb, 10 bytes, Stack size 0 bytes, C:\Keil_v5\ARM\ARMCC\Bin\..\lib\armlib\c_w.l(_printf_char_common.o)(.text))
<BR>[Address Reference Count : 1]<UL><LI> _printf_char_common.o(.text)
</UL>
<P><STRONG><a name="[20c]"></a>[local to rwstdexcept_cpp]::__rw::__rw_vfmatstr(char*, unsigned, const char*, std::__va_list)</STRONG> (Thumb, 88 bytes, Stack size 24 bytes, C:\Keil_v5\ARM\ARMCC\Bin\..\lib\cpplib\cpp_ws.l(rwstdexcept.o)(i._ZN37_INTERNAL_15_rwstdexcept_cpp_8697b68a4__rw13__rw_vfmatstrEPcjPKcSt9__va_list))
<BR><BR>[Stack]<UL><LI>Max Depth = 368 + Unknown Stack Size
<LI>Call Chain = [local to rwstdexcept_cpp]::__rw::__rw_vfmatstr(char*, unsigned, const char*, std::__va_list) &rArr; operator new[] (unsigned) &rArr; mbed_error &rArr;  exit (Cycle)
</UL>
<BR>[Calls]<UL><LI><a href="#[20d]">&gt;&gt;</a>&nbsp;&nbsp;&nbsp;operator new[] (unsigned)
<LI><a href="#[7c]">&gt;&gt;</a>&nbsp;&nbsp;&nbsp;operator delete[] (void*)
<LI><a href="#[119]">&gt;&gt;</a>&nbsp;&nbsp;&nbsp;vsnprintf
</UL>
<BR>[Called By]<UL><LI><a href="#[215]">&gt;&gt;</a>&nbsp;&nbsp;&nbsp;std::__rw_exception::_C_vformat(int, std::__va_list)
<LI><a href="#[20e]">&gt;&gt;</a>&nbsp;&nbsp;&nbsp;[local to rwstdexcept_cpp]::__rw::__rw_vfmatstr(char*, unsigned, int, std::__va_list)
</UL>

<P><STRONG><a name="[20e]"></a>[local to rwstdexcept_cpp]::__rw::__rw_vfmatstr(char*, unsigned, int, std::__va_list)</STRONG> (Thumb, 296 bytes, Stack size 88 bytes, C:\Keil_v5\ARM\ARMCC\Bin\..\lib\cpplib\cpp_ws.l(rwstdexcept.o)(i._ZN37_INTERNAL_15_rwstdexcept_cpp_8697b68a4__rw13__rw_vfmatstrEPcjiSt9__va_list))
<BR><BR>[Stack]<UL><LI>Max Depth = 596 + Unknown Stack Size
<LI>Call Chain = [local to rwstdexcept_cpp]::__rw::__rw_vfmatstr(char*, unsigned, int, std::__va_list) &rArr; sscanf &rArr; __vfscanf_char &rArr; __vfscanf &rArr; _scanf_real &rArr; _scanf_really_real &rArr; _fp_value &rArr; _btod_etento &rArr; _btod_emul &rArr; _e2e
</UL>
<BR>[Calls]<UL><LI><a href="#[72]">&gt;&gt;</a>&nbsp;&nbsp;&nbsp;std::basic_string&lang;char, std::char_traits&lang;char&rang;, std::allocator&lang;char&rang;&rang;::~basic_string()
<LI><a href="#[211]">&gt;&gt;</a>&nbsp;&nbsp;&nbsp;std::basic_string&lang;char, std::char_traits&lang;char&rang;, std::allocator&lang;char&rang;&rang;::basic_string(const std::basic_string&lang;char, std::char_traits&lang;char&rang;, std::allocator&lang;char&rang;&rang;&)
<LI><a href="#[20f]">&gt;&gt;</a>&nbsp;&nbsp;&nbsp;strrchr
<LI><a href="#[165]">&gt;&gt;</a>&nbsp;&nbsp;&nbsp;sscanf
<LI><a href="#[212]">&gt;&gt;</a>&nbsp;&nbsp;&nbsp;std::locale::locale()
<LI><a href="#[20c]">&gt;&gt;</a>&nbsp;&nbsp;&nbsp;[local to rwstdexcept_cpp]::__rw::__rw_vfmatstr(char*, unsigned, const char*, std::__va_list)
<LI><a href="#[210]">&gt;&gt;</a>&nbsp;&nbsp;&nbsp;std::basic_string&lang;char, std::char_traits&lang;char&rang;, std::allocator&lang;char&rang;&rang;::basic_string(const char*, const std::allocator&lang;char&rang;&)
<LI><a href="#[7a]">&gt;&gt;</a>&nbsp;&nbsp;&nbsp;std::locale::~locale()
</UL>
<BR>[Called By]<UL><LI><a href="#[215]">&gt;&gt;</a>&nbsp;&nbsp;&nbsp;std::__rw_exception::_C_vformat(int, std::__va_list)
</UL>

<P><STRONG><a name="[15a]"></a>_fp_digits</STRONG> (Thumb, 432 bytes, Stack size 96 bytes, C:\Keil_v5\ARM\ARMCC\Bin\..\lib\armlib\c_w.l(_printf_fp_dec.o)(.text))
<BR><BR>[Stack]<UL><LI>Max Depth = 220<LI>Call Chain = _fp_digits &rArr; _btod_etento &rArr; _btod_emul &rArr; _e2e
</UL>
<BR>[Calls]<UL><LI><a href="#[139]">&gt;&gt;</a>&nbsp;&nbsp;&nbsp;_ll_udiv10
<LI><a href="#[15e]">&gt;&gt;</a>&nbsp;&nbsp;&nbsp;_btod_emul
<LI><a href="#[15d]">&gt;&gt;</a>&nbsp;&nbsp;&nbsp;_btod_ediv
<LI><a href="#[15c]">&gt;&gt;</a>&nbsp;&nbsp;&nbsp;_btod_d2e
<LI><a href="#[15b]">&gt;&gt;</a>&nbsp;&nbsp;&nbsp;_btod_etento
</UL>
<BR>[Called By]<UL><LI><a href="#[15f]">&gt;&gt;</a>&nbsp;&nbsp;&nbsp;_printf_fp_dec_real
</UL>

<P><STRONG><a name="[167]"></a>_fp_value</STRONG> (Thumb, 588 bytes, Stack size 96 bytes, C:\Keil_v5\ARM\ARMCC\Bin\..\lib\armlib\c_w.l(scanf_fp.o)(.text))
<BR><BR>[Stack]<UL><LI>Max Depth = 220<LI>Call Chain = _fp_value &rArr; _btod_etento &rArr; _btod_emul &rArr; _e2e
</UL>
<BR>[Calls]<UL><LI><a href="#[168]">&gt;&gt;</a>&nbsp;&nbsp;&nbsp;__aeabi_errno_addr
<LI><a href="#[10]">&gt;&gt;</a>&nbsp;&nbsp;&nbsp;__ieee_status
<LI><a href="#[169]">&gt;&gt;</a>&nbsp;&nbsp;&nbsp;_btod_emuld
<LI><a href="#[16a]">&gt;&gt;</a>&nbsp;&nbsp;&nbsp;_btod_edivd
<LI><a href="#[15b]">&gt;&gt;</a>&nbsp;&nbsp;&nbsp;_btod_etento
</UL>
<BR>[Called By]<UL><LI><a href="#[16b]">&gt;&gt;</a>&nbsp;&nbsp;&nbsp;_scanf_really_real
</UL>

<P><STRONG><a name="[66]"></a>_scanf_char_input</STRONG> (Thumb, 12 bytes, Stack size 0 bytes, C:\Keil_v5\ARM\ARMCC\Bin\..\lib\armlib\c_w.l(scanf_char.o)(.text))
<BR>[Address Reference Count : 1]<UL><LI> scanf_char.o(.text)
</UL>
<P><STRONG><a name="[d4]"></a>__sti___8_char_cpp_a3dc957a</STRONG> (Thumb, 12 bytes, Stack size 0 bytes, C:\Keil_v5\ARM\ARMCC\Bin\..\lib\cpplib\cpp_ws.l(char.o)(i.__sti___8_char_cpp_a3dc957a))
<BR>[Address Reference Count : 1]<UL><LI> char.o(.init_array)
</UL>
<P><STRONG><a name="[73]"></a>&lang;Func5&rang;</STRONG> (Thumb, 20 bytes, Stack size 16 bytes, C:\Keil_v5\ARM\ARMCC\Bin\..\lib\cpplib\cpp_ws.l(locale.o)(i.<Func5>))
<BR><BR>[Stack]<UL><LI>Max Depth = 24<LI>Call Chain = &lang;Func5&rang; &rArr; std::basic_string&lang;char, std::char_traits&lang;char&rang;, std::allocator&lang;char&rang;&rang;::basic_string(const std::allocator&lang;char&rang;&)
</UL>
<BR>[Calls]<UL><LI><a href="#[195]">&gt;&gt;</a>&nbsp;&nbsp;&nbsp;std::basic_string&lang;char, std::char_traits&lang;char&rang;, std::allocator&lang;char&rang;&rang;::basic_string(const std::allocator&lang;char&rang;&)
</UL>
<BR>[Address Reference Count : 1]<UL><LI> locale.o(i._ZN4__rw15__rw_locale_impC1EPKcjj)
</UL>
<P><STRONG><a name="[d5]"></a>__sti___10_locale_cpp_ff99fc7b</STRONG> (Thumb, 12 bytes, Stack size 0 bytes, C:\Keil_v5\ARM\ARMCC\Bin\..\lib\cpplib\cpp_ws.l(locale.o)(i.__sti___10_locale_cpp_ff99fc7b))
<BR>[Address Reference Count : 1]<UL><LI> locale.o(.init_array)
</UL>
<P><STRONG><a name="[68]"></a>[local to arm_exceptions_c]::__default_terminate_handler()</STRONG> (Thumb, 6 bytes, Stack size 8 bytes, C:\Keil_v5\ARM\ARMCC\Bin\..\lib\cpplib\cpprt_w.l(arm_exceptions_globs.o)(.text))
<BR><BR>[Stack]<UL><LI>Max Depth = 56<LI>Call Chain = [local to arm_exceptions_c]::__default_terminate_handler() &rArr; abort &rArr; __rt_SIGABRT &rArr; __rt_SIGABRT_inner &rArr; __default_signal_display &rArr; _ttywrch
</UL>
<BR>[Calls]<UL><LI><a href="#[171]">&gt;&gt;</a>&nbsp;&nbsp;&nbsp;abort
</UL>
<BR>[Address Reference Count : 1]<UL><LI> arm_exceptions_globs.o(.text)
</UL>
<P><STRONG><a name="[d6]"></a>__sti___10_rwcats_cpp_64e8068e</STRONG> (Thumb, 42 bytes, Stack size 16 bytes, C:\Keil_v5\ARM\ARMCC\Bin\..\lib\cpplib\cpp_ws.l(rwcats.o)(i.__sti___10_rwcats_cpp_64e8068e))
<BR><BR>[Stack]<UL><LI>Max Depth = 360 + Unknown Stack Size
<LI>Call Chain = __sti___10_rwcats_cpp_64e8068e &rArr; operator new[] (unsigned) &rArr; mbed_error &rArr;  exit (Cycle)
</UL>
<BR>[Calls]<UL><LI><a href="#[1f2]">&gt;&gt;</a>&nbsp;&nbsp;&nbsp;__aeabi_atexit
<LI><a href="#[20d]">&gt;&gt;</a>&nbsp;&nbsp;&nbsp;operator new[] (unsigned)
</UL>
<BR>[Address Reference Count : 1]<UL><LI> rwcats.o(.init_array)
</UL>
<P><STRONG><a name="[18a]"></a>_locale_name</STRONG> (Thumb, 154 bytes, Stack size 16 bytes, C:\Keil_v5\ARM\ARMCC\Bin\..\lib\armlib\c_w.l(locale_r.o)(.text))
<BR><BR>[Stack]<UL><LI>Max Depth = 16<LI>Call Chain = _locale_name
</UL>
<BR>[Calls]<UL><LI><a href="#[103]">&gt;&gt;</a>&nbsp;&nbsp;&nbsp;__rt_locale
</UL>
<BR>[Called By]<UL><LI><a href="#[181]">&gt;&gt;</a>&nbsp;&nbsp;&nbsp;_setlocale_r
<LI><a href="#[18b]">&gt;&gt;</a>&nbsp;&nbsp;&nbsp;_set_locale_byname
<LI><a href="#[18c]">&gt;&gt;</a>&nbsp;&nbsp;&nbsp;_set_locale_mixed
</UL>

<P><STRONG><a name="[18c]"></a>_set_locale_mixed</STRONG> (Thumb, 98 bytes, Stack size 24 bytes, C:\Keil_v5\ARM\ARMCC\Bin\..\lib\armlib\c_w.l(locale_r.o)(.text), UNUSED)
<BR><BR>[Calls]<UL><LI><a href="#[18a]">&gt;&gt;</a>&nbsp;&nbsp;&nbsp;_locale_name
<LI><a href="#[103]">&gt;&gt;</a>&nbsp;&nbsp;&nbsp;__rt_locale
</UL>

<P><STRONG><a name="[18b]"></a>_set_locale_byname</STRONG> (Thumb, 152 bytes, Stack size 24 bytes, C:\Keil_v5\ARM\ARMCC\Bin\..\lib\armlib\c_w.l(locale_r.o)(.text))
<BR><BR>[Stack]<UL><LI>Max Depth = 40<LI>Call Chain = _set_locale_byname &rArr; _locale_name
</UL>
<BR>[Calls]<UL><LI><a href="#[69]">&gt;&gt;</a>&nbsp;&nbsp;&nbsp;_get_lc_ctype
<LI><a href="#[18a]">&gt;&gt;</a>&nbsp;&nbsp;&nbsp;_locale_name
<LI><a href="#[106]">&gt;&gt;</a>&nbsp;&nbsp;&nbsp;_get_lc_numeric
<LI><a href="#[103]">&gt;&gt;</a>&nbsp;&nbsp;&nbsp;__rt_locale
</UL>
<BR>[Called By]<UL><LI><a href="#[181]">&gt;&gt;</a>&nbsp;&nbsp;&nbsp;_setlocale_r
</UL>
<P>
<H3>
Undefined Global Symbols
</H3><HR></body></html>
